Component: ARM Compiler 5.06 update 6 (build 750) Tool: armlink [4d35ed]

==============================================================================

Section Cross References

    stm32f4xx_ll_sdmmc.o(i.SDMMC_CmdAppCommand) refers to stm32f4xx_ll_sdmmc.o(i.SDIO_SendCommand) for SDIO_SendCommand
    stm32f4xx_ll_sdmmc.o(i.SDMMC_CmdAppCommand) refers to stm32f4xx_ll_sdmmc.o(i.SDMMC_GetCmdResp1) for SDMMC_GetCmdResp1
    stm32f4xx_ll_sdmmc.o(i.SDMMC_CmdAppOperCommand) refers to stm32f4xx_ll_sdmmc.o(i.SDIO_SendCommand) for SDIO_SendCommand
    stm32f4xx_ll_sdmmc.o(i.SDMMC_CmdAppOperCommand) refers to stm32f4xx_ll_sdmmc.o(i.SDMMC_GetCmdResp3) for SDMMC_GetCmdResp3
    stm32f4xx_ll_sdmmc.o(i.SDMMC_CmdBlockLength) refers to stm32f4xx_ll_sdmmc.o(i.SDIO_SendCommand) for SDIO_SendCommand
    stm32f4xx_ll_sdmmc.o(i.SDMMC_CmdBlockLength) refers to stm32f4xx_ll_sdmmc.o(i.SDMMC_GetCmdResp1) for SDMMC_GetCmdResp1
    stm32f4xx_ll_sdmmc.o(i.SDMMC_CmdBusWidth) refers to stm32f4xx_ll_sdmmc.o(i.SDIO_SendCommand) for SDIO_SendCommand
    stm32f4xx_ll_sdmmc.o(i.SDMMC_CmdBusWidth) refers to stm32f4xx_ll_sdmmc.o(i.SDMMC_GetCmdResp1) for SDMMC_GetCmdResp1
    stm32f4xx_ll_sdmmc.o(i.SDMMC_CmdErase) refers to stm32f4xx_ll_sdmmc.o(i.SDIO_SendCommand) for SDIO_SendCommand
    stm32f4xx_ll_sdmmc.o(i.SDMMC_CmdErase) refers to stm32f4xx_ll_sdmmc.o(i.SDMMC_GetCmdResp1) for SDMMC_GetCmdResp1
    stm32f4xx_ll_sdmmc.o(i.SDMMC_CmdEraseEndAdd) refers to stm32f4xx_ll_sdmmc.o(i.SDIO_SendCommand) for SDIO_SendCommand
    stm32f4xx_ll_sdmmc.o(i.SDMMC_CmdEraseEndAdd) refers to stm32f4xx_ll_sdmmc.o(i.SDMMC_GetCmdResp1) for SDMMC_GetCmdResp1
    stm32f4xx_ll_sdmmc.o(i.SDMMC_CmdEraseStartAdd) refers to stm32f4xx_ll_sdmmc.o(i.SDIO_SendCommand) for SDIO_SendCommand
    stm32f4xx_ll_sdmmc.o(i.SDMMC_CmdEraseStartAdd) refers to stm32f4xx_ll_sdmmc.o(i.SDMMC_GetCmdResp1) for SDMMC_GetCmdResp1
    stm32f4xx_ll_sdmmc.o(i.SDMMC_CmdGoIdleState) refers to stm32f4xx_ll_sdmmc.o(i.SDIO_SendCommand) for SDIO_SendCommand
    stm32f4xx_ll_sdmmc.o(i.SDMMC_CmdGoIdleState) refers to system_stm32f4xx.o(.data) for SystemCoreClock
    stm32f4xx_ll_sdmmc.o(i.SDMMC_CmdOpCondition) refers to stm32f4xx_ll_sdmmc.o(i.SDIO_SendCommand) for SDIO_SendCommand
    stm32f4xx_ll_sdmmc.o(i.SDMMC_CmdOpCondition) refers to stm32f4xx_ll_sdmmc.o(i.SDMMC_GetCmdResp3) for SDMMC_GetCmdResp3
    stm32f4xx_ll_sdmmc.o(i.SDMMC_CmdOperCond) refers to stm32f4xx_ll_sdmmc.o(i.SDIO_SendCommand) for SDIO_SendCommand
    stm32f4xx_ll_sdmmc.o(i.SDMMC_CmdOperCond) refers to system_stm32f4xx.o(.data) for SystemCoreClock
    stm32f4xx_ll_sdmmc.o(i.SDMMC_CmdReadMultiBlock) refers to stm32f4xx_ll_sdmmc.o(i.SDIO_SendCommand) for SDIO_SendCommand
    stm32f4xx_ll_sdmmc.o(i.SDMMC_CmdReadMultiBlock) refers to stm32f4xx_ll_sdmmc.o(i.SDMMC_GetCmdResp1) for SDMMC_GetCmdResp1
    stm32f4xx_ll_sdmmc.o(i.SDMMC_CmdReadSingleBlock) refers to stm32f4xx_ll_sdmmc.o(i.SDIO_SendCommand) for SDIO_SendCommand
    stm32f4xx_ll_sdmmc.o(i.SDMMC_CmdReadSingleBlock) refers to stm32f4xx_ll_sdmmc.o(i.SDMMC_GetCmdResp1) for SDMMC_GetCmdResp1
    stm32f4xx_ll_sdmmc.o(i.SDMMC_CmdSDEraseEndAdd) refers to stm32f4xx_ll_sdmmc.o(i.SDIO_SendCommand) for SDIO_SendCommand
    stm32f4xx_ll_sdmmc.o(i.SDMMC_CmdSDEraseEndAdd) refers to stm32f4xx_ll_sdmmc.o(i.SDMMC_GetCmdResp1) for SDMMC_GetCmdResp1
    stm32f4xx_ll_sdmmc.o(i.SDMMC_CmdSDEraseStartAdd) refers to stm32f4xx_ll_sdmmc.o(i.SDIO_SendCommand) for SDIO_SendCommand
    stm32f4xx_ll_sdmmc.o(i.SDMMC_CmdSDEraseStartAdd) refers to stm32f4xx_ll_sdmmc.o(i.SDMMC_GetCmdResp1) for SDMMC_GetCmdResp1
    stm32f4xx_ll_sdmmc.o(i.SDMMC_CmdSelDesel) refers to stm32f4xx_ll_sdmmc.o(i.SDIO_SendCommand) for SDIO_SendCommand
    stm32f4xx_ll_sdmmc.o(i.SDMMC_CmdSelDesel) refers to stm32f4xx_ll_sdmmc.o(i.SDMMC_GetCmdResp1) for SDMMC_GetCmdResp1
    stm32f4xx_ll_sdmmc.o(i.SDMMC_CmdSendCID) refers to stm32f4xx_ll_sdmmc.o(i.SDIO_SendCommand) for SDIO_SendCommand
    stm32f4xx_ll_sdmmc.o(i.SDMMC_CmdSendCID) refers to stm32f4xx_ll_sdmmc.o(i.SDMMC_GetCmdResp2) for SDMMC_GetCmdResp2
    stm32f4xx_ll_sdmmc.o(i.SDMMC_CmdSendCSD) refers to stm32f4xx_ll_sdmmc.o(i.SDIO_SendCommand) for SDIO_SendCommand
    stm32f4xx_ll_sdmmc.o(i.SDMMC_CmdSendCSD) refers to stm32f4xx_ll_sdmmc.o(i.SDMMC_GetCmdResp2) for SDMMC_GetCmdResp2
    stm32f4xx_ll_sdmmc.o(i.SDMMC_CmdSendSCR) refers to stm32f4xx_ll_sdmmc.o(i.SDIO_SendCommand) for SDIO_SendCommand
    stm32f4xx_ll_sdmmc.o(i.SDMMC_CmdSendSCR) refers to stm32f4xx_ll_sdmmc.o(i.SDMMC_GetCmdResp1) for SDMMC_GetCmdResp1
    stm32f4xx_ll_sdmmc.o(i.SDMMC_CmdSendStatus) refers to stm32f4xx_ll_sdmmc.o(i.SDIO_SendCommand) for SDIO_SendCommand
    stm32f4xx_ll_sdmmc.o(i.SDMMC_CmdSendStatus) refers to stm32f4xx_ll_sdmmc.o(i.SDMMC_GetCmdResp1) for SDMMC_GetCmdResp1
    stm32f4xx_ll_sdmmc.o(i.SDMMC_CmdSetRelAdd) refers to stm32f4xx_ll_sdmmc.o(i.SDIO_SendCommand) for SDIO_SendCommand
    stm32f4xx_ll_sdmmc.o(i.SDMMC_CmdSetRelAdd) refers to stm32f4xx_ll_sdmmc.o(i.SDMMC_GetCmdResp6) for SDMMC_GetCmdResp6
[...]
    ff.o(i.f_truncate) refers to diskio.o(i.disk_write) for disk_write
    ff.o(i.f_unlink) refers to ff.o(i.find_volume) for find_volume
    ff.o(i.f_unlink) refers to ff.o(i.follow_path) for follow_path
    ff.o(i.f_unlink) refers to ff.o(i.chk_lock) for chk_lock
    ff.o(i.f_unlink) refers to ff.o(i.ld_clust) for ld_clust
    ff.o(i.f_unlink) refers to ff.o(i.mem_cpy) for mem_cpy
    ff.o(i.f_unlink) refers to ff.o(i.dir_sdi) for dir_sdi
    ff.o(i.f_unlink) refers to ff.o(i.dir_read) for dir_read
    ff.o(i.f_unlink) refers to ff.o(i.dir_remove) for dir_remove
    ff.o(i.f_unlink) refers to ff.o(i.remove_chain) for remove_chain
    ff.o(i.f_unlink) refers to ff.o(i.sync_fs) for sync_fs
    ff.o(i.f_utime) refers to ff.o(i.find_volume) for find_volume
    ff.o(i.f_utime) refers to ff.o(i.follow_path) for follow_path
    ff.o(i.f_utime) refers to ff.o(i.sync_fs) for sync_fs
    ff.o(i.f_write) refers to ff.o(i.validate) for validate
    ff.o(i.f_write) refers to ff.o(i.clmt_clust) for clmt_clust
    ff.o(i.f_write) refers to ff.o(i.create_chain) for create_chain
    ff.o(i.f_write) refers to diskio.o(i.disk_write) for disk_write
    ff.o(i.f_write) refers to ff.o(i.clust2sect) for clust2sect
    ff.o(i.f_write) refers to ff.o(i.mem_cpy) for mem_cpy
    ff.o(i.f_write) refers to diskio.o(i.disk_read) for disk_read
    ff.o(i.find_volume) refers to ff.o(i.get_ldnumber) for get_ldnumber
    ff.o(i.find_volume) refers to diskio.o(i.disk_status) for disk_status
    ff.o(i.find_volume) refers to diskio.o(i.disk_initialize) for disk_initialize
    ff.o(i.find_volume) refers to ff.o(i.check_fs) for check_fs
    ff.o(i.find_volume) refers to ff.o(i.move_window) for move_window
    ff.o(i.find_volume) refers to ff.o(i.clear_lock) for clear_lock
    ff.o(i.find_volume) refers to ff.o(.data) for .data
    ff.o(i.follow_path) refers to ff.o(i.dir_sdi) for dir_sdi
    ff.o(i.follow_path) refers to ff.o(i.create_name) for create_name
    ff.o(i.follow_path) refers to ff.o(i.move_window) for move_window
    ff.o(i.follow_path) refers to ff.o(i.dir_next) for dir_next
    ff.o(i.follow_path) refers to ff.o(i.ld_clust) for ld_clust
    ff.o(i.get_fat) refers to ff.o(i.move_window) for move_window
    ff.o(i.inc_lock) refers to ff.o(.bss) for .bss
    ff.o(i.move_window) refers to ff.o(i.sync_window) for sync_window
    ff.o(i.move_window) refers to diskio.o(i.disk_read) for disk_read
    ff.o(i.put_fat) refers to ff.o(i.move_window) for move_window
    ff.o(i.putc_bfd) refers to ff.o(i.f_write) for f_write
    ff.o(i.remove_chain) refers to ff.o(i.get_fat) for get_fat
    ff.o(i.remove_chain) refers to ff.o(i.put_fat) for put_fat
    ff.o(i.sync_fs) refers to ff.o(i.sync_window) for sync_window
    ff.o(i.sync_fs) refers to ff.o(i.mem_set) for mem_set
    ff.o(i.sync_fs) refers to diskio.o(i.disk_write) for disk_write
    ff.o(i.sync_fs) refers to diskio.o(i.disk_ioctl) for disk_ioctl
    ff.o(i.sync_window) refers to diskio.o(i.disk_write) for disk_write
    ff.o(i.validate) refers to diskio.o(i.disk_status) for disk_status
    entry.o(.ARM.Collect$$$$00000000) refers (Special) to entry10a.o(.ARM.Collect$$$$0000000D) for __rt_final_cpp
    entry.o(.ARM.Collect$$$$00000000) refers (Special) to entry11a.o(.ARM.Collect$$$$0000000F) for __rt_final_exit
    entry.o(.ARM.Collect$$$$00000000) refers (Special) to entry7b.o(.ARM.Collect$$$$00000008) for _main_clock
    entry.o(.ARM.Collect$$$$00000000) refers (Special) to entry8b.o(.ARM.Collect$$$$0000000A) for _main_cpp_init
    entry.o(.ARM.Collect$$$$00000000) refers (Special) to entry9a.o(.ARM.Collect$$$$0000000B) for _main_init
    entry.o(.ARM.Collect$$$$00000000) refers (Special) to entry5.o(.ARM.Collect$$$$00000004) for _main_scatterload
    entry.o(.ARM.Collect$$$$00000000) refers (Special) to entry2.o(.ARM.Collect$$$$00000001) for _main_stk
    entry2.o(.ARM.Collect$$$$00000001) refers to entry2.o(.ARM.Collect$$$$00002712) for __lit__00000000
    entry2.o(.ARM.Collect$$$$00002712) refers to startup_stm32f411xe.o(STACK) for __initial_sp
    entry2.o(__vectab_stack_and_reset_area) refers to startup_stm32f411xe.o(STACK) for __initial_sp
    entry2.o(__vectab_stack_and_reset_area) refers to entry.o(.ARM.Collect$$$$00000000) for __main
    entry5.o(.ARM.Collect$$$$00000004) refers to init.o(.text) for __scatterload
    entry9a.o(.ARM.Collect$$$$0000000B) refers to main.o(i.main) for main
    entry9b.o(.ARM.Collect$$$$0000000C) refers to main.o(i.main) for main
    init.o(.text) refers to entry5.o(.ARM.Collect$$$$00000004) for __main_after_scatterload


==============================================================================

Removing Unused input sections from the image.

    Removing stm32f4xx_ll_sdmmc.o(.rev16_text), (4 bytes).
    Removing stm32f4xx_ll_sdmmc.o(.revsh_text), (4 bytes).
    Removing stm32f4xx_ll_sdmmc.o(.rrx_text), (6 bytes).
    Removing stm32f4xx_ll_sdmmc.o(i.SDIO_GetCommandResponse), (6 bytes).
    Removing stm32f4xx_ll_sdmmc.o(i.SDIO_GetDataCounter), (4 bytes).
    Removing stm32f4xx_ll_sdmmc.o(i.SDIO_GetFIFOCount), (6 bytes).
    Removing stm32f4xx_ll_sdmmc.o(i.SDIO_PowerState_OFF), (8 bytes).
    Removing stm32f4xx_ll_sdmmc.o(i.SDIO_SetSDMMCReadWaitMode), (14 bytes).
    Removing stm32f4xx_ll_sdmmc.o(i.SDMMC_CmdBusWidth), (50 bytes).
    Removing stm32f4xx_ll_sdmmc.o(i.SDMMC_CmdErase), (48 bytes).
    Removing stm32f4xx_ll_sdmmc.o(i.SDMMC_CmdEraseEndAdd), (50 bytes).
    Removing stm32f4xx_ll_sdmmc.o(i.SDMMC_CmdEraseStartAdd), (50 bytes).
    Removing stm32f4xx_ll_sdmmc.o(i.SDMMC_CmdOpCondition), (44 bytes).
    Removing stm32f4xx_ll_sdmmc.o(i.SDMMC_CmdSDEraseEndAdd), (50 bytes).
    Removing stm32f4xx_ll_sdmmc.o(i.SDMMC_CmdSDEraseStartAdd), (50 bytes).
    Removing stm32f4xx_ll_sdmmc.o(i.SDMMC_CmdSendSCR), (48 bytes).
    Removing stm32f4xx_ll_sdmmc.o(i.SDMMC_CmdStatusRegister), (48 bytes).
    Removing stm32f4xx_ll_sdmmc.o(i.SDMMC_CmdSwitch), (50 bytes).
    Removing stm32f4xx_hal_sd.o(.rev16_text), (4 bytes).
    Removing stm32f4xx_hal_sd.o(.revsh_text), (4 bytes).
    Removing stm32f4xx_hal_sd.o(.rrx_text), (6 bytes).
    Removing stm32f4xx_hal_sd.o(i.HAL_SD_Abort), (94 bytes).
    Removing stm32f4xx_hal_sd.o(i.HAL_SD_Abort_IT), (140 bytes).
    Removing stm32f4xx_hal_sd.o(i.HAL_SD_ConfigWideBusOperation), (120 bytes).
    Removing stm32f4xx_hal_sd.o(i.HAL_SD_DeInit), (38 bytes).
    Removing stm32f4xx_hal_sd.o(i.HAL_SD_Erase), (184 bytes).
    Removing stm32f4xx_hal_sd.o(i.HAL_SD_GetCardCID), (178 bytes).
    Removing stm32f4xx_hal_sd.o(i.HAL_SD_GetCardStatus), (182 bytes).
    Removing stm32f4xx_hal_sd.o(i.HAL_SD_GetError), (4 bytes).
    Removing stm32f4xx_hal_sd.o(i.HAL_SD_GetState), (6 bytes).
    Removing stm32f4xx_hal_sd.o(i.HAL_SD_MspDeInit), (2 bytes).
    Removing stm32f4xx_hal_sd.o(i.HAL_SD_MspInit), (2 bytes).
    Removing stm32f4xx_hal_sd.o(i.HAL_SD_ReadBlocks_DMA), (244 bytes).
    Removing stm32f4xx_hal_sd.o(i.HAL_SD_ReadBlocks_IT), (194 bytes).
    Removing stm32f4xx_hal_sd.o(i.HAL_SD_WriteBlocks_DMA), (244 bytes).
    Removing stm32f4xx_hal_sd.o(i.HAL_SD_WriteBlocks_IT), (200 bytes).
    Removing stm32f4xx_hal_sd.o(i.SD_DMAError), (86 bytes).
    Removing stm32f4xx_hal_sd.o(i.SD_DMAReceiveCplt), (62 bytes).
    Removing stm32f4xx_hal_sd.o(i.SD_DMATransmitCplt), (14 bytes).
    Removing stm32f4xx_hal_sd.o(i.SD_FindSCR), (212 bytes).
    Removing stm32f4xx_hal_sd.o(i.SD_SendSDStatus), (236 bytes).
    Removing stm32f4xx_hal_sd.o(i.SD_WideBus_Disable), (78 bytes).
    Removing stm32f4xx_hal_sd.o(i.SD_WideBus_Enable), (78 bytes).
    Removing stm32f4xx_hal_dma_ex.o(.rev16_text), (4 bytes).
    Removing stm32f4xx_hal_dma_ex.o(.revsh_text), (4 bytes).
    Removing stm32f4xx_hal_dma_ex.o(.rrx_text), (6 bytes).
    Removing stm32f4xx_hal_dma_ex.o(i.DMA_MultiBufferSetConfig), (30 bytes).
    Removing stm32f4xx_hal_dma_ex.o(i.HAL_DMAEx_ChangeMemory), (14 bytes).
    Removing stm32f4xx_hal_dma_ex.o(i.HAL_DMAEx_MultiBufferStart), (100 bytes).
    Removing stm32f4xx_hal_dma_ex.o(i.HAL_DMAEx_MultiBufferStart_IT), (2452 bytes).
    Removing stm32f4xx_hal_tim.o(.rev16_text), (4 bytes).
    Removing stm32f4xx_hal_tim.o(.revsh_text), (4 bytes).
    Removing stm32f4xx_hal_tim.o(.rrx_text), (6 bytes).
    Removing stm32f4xx_hal_rcc_ex.o(.rev16_text), (4 bytes).
    Removing stm32f4xx_hal_rcc_ex.o(.revsh_text), (4 bytes).
    Removing stm32f4xx_hal_rcc_ex.o(.rrx_text), (6 bytes).
    Removing stm32f4xx_hal_rcc_ex.o(i.HAL_RCCEx_GetPeriphCLKConfig), (104 bytes).
    Removing stm32f4xx_hal_rcc_ex.o(i.HAL_RCCEx_GetPeriphCLKFreq), (96 bytes).
    Removing stm32f4xx_hal_rcc_ex.o(i.HAL_RCCEx_PeriphCLKConfig), (364 bytes).
    Removing stm32f4xx_hal_rcc_ex.o(i.HAL_RCCEx_SelectLSEMode), (28 bytes).
    Removing stm32f4xx_hal_rcc_ex.o(i.HAL_RCC_DeInit), (92 bytes).
    Removing stm32f4xx_hal_pwr_ex.o(.rev16_text), (4 bytes).
    Removing stm32f4xx_hal_pwr_ex.o(.revsh_text), (4 bytes).
    Removing stm32f4xx_hal_pwr_ex.o(.rrx_text), (6 bytes).
    Removing stm32f4xx_hal_pwr_ex.o(i.HAL_PWREx_ControlVoltageScaling), (176 bytes).
    Removing stm32f4xx_hal_pwr_ex.o(i.HAL_PWREx_DisableBkUpReg), (76 bytes).
    Removing stm32f4xx_hal_pwr_ex.o(i.HAL_PWREx_DisableFlashPowerDown), (28 bytes).
    Removing stm32f4xx_hal_pwr_ex.o(i.HAL_PWREx_DisableLowRegulatorLowVoltage), (28 bytes).
    Removing stm32f4xx_hal_pwr_ex.o(i.HAL_PWREx_DisableMainRegulatorLowVoltage), (28 bytes).
    Removing stm32f4xx_hal_pwr_ex.o(i.HAL_PWREx_EnableBkUpReg), (76 bytes).
    Removing stm32f4xx_hal_pwr_ex.o(i.HAL_PWREx_EnableFlashPowerDown), (24 bytes).
    Removing stm32f4xx_hal_pwr_ex.o(i.HAL_PWREx_EnableLowRegulatorLowVoltage), (24 bytes).
    Removing stm32f4xx_hal_pwr_ex.o(i.HAL_PWREx_EnableMainRegulatorLowVoltage), (24 bytes).
    Removing stm32f4xx_hal_pwr_ex.o(i.HAL_PWREx_GetVoltageRange), (16 bytes).
    Removing stm32f4xx_hal_flash.o(.rev16_text), (4 bytes).
    Removing stm32f4xx_hal_flash.o(.revsh_text), (4 bytes).
    Removing stm32f4xx_hal_flash.o(.rrx_text), (6 bytes).
    Removing stm32f4xx_hal_flash.o(i.FLASH_Program_Byte), (32 bytes).
    Removing stm32f4xx_hal_flash.o(i.FLASH_Program_DoubleWord), (40 bytes).
    Removing stm32f4xx_hal_flash.o(i.FLASH_Program_HalfWord), (36 bytes).
    Removing stm32f4xx_hal_flash.o(i.FLASH_Program_Word), (36 bytes).
    Removing stm32f4xx_hal_flash.o(i.FLASH_SetErrorCode), (124 bytes).
    Removing stm32f4xx_hal_flash.o(i.FLASH_WaitForLastOperation), (80 bytes).
    Removing stm32f4xx_hal_flash.o(i.HAL_FLASH_EndOfOperationCallback), (2 bytes).
    Removing stm32f4xx_hal_flash.o(i.HAL_FLASH_GetError), (12 bytes).
    Removing stm32f4xx_hal_flash.o(i.HAL_FLASH_IRQHandler), (204 bytes).
    Removing stm32f4xx_hal_flash.o(i.HAL_FLASH_Lock), (20 bytes).
    Removing stm32f4xx_hal_flash.o(i.HAL_FLASH_OB_Launch), (24 bytes).
    Removing stm32f4xx_hal_flash.o(i.HAL_FLASH_OB_Lock), (20 bytes).
    Removing stm32f4xx_hal_flash.o(i.HAL_FLASH_OB_Unlock), (40 bytes).
    Removing stm32f4xx_hal_flash.o(i.HAL_FLASH_OperationErrorCallback), (2 bytes).
    Removing stm32f4xx_hal_flash.o(i.HAL_FLASH_Program), (124 bytes).
    Removing stm32f4xx_hal_flash.o(i.HAL_FLASH_Program_IT), (108 bytes).
    Removing stm32f4xx_hal_flash.o(i.HAL_FLASH_Unlock), (40 bytes).
    Removing stm32f4xx_hal_flash.o(.bss), (32 bytes).
    Removing stm32f4xx_hal_gpio.o(.rev16_text), (4 bytes).
    Removing stm32f4xx_hal_gpio.o(.revsh_text), (4 bytes).
    Removing stm32f4xx_hal_gpio.o(.rrx_text), (6 bytes).
    Removing stm32f4xx_hal_gpio.o(i.HAL_GPIO_DeInit), (272 bytes).
    Removing stm32f4xx_hal_gpio.o(i.HAL_GPIO_EXTI_Callback), (2 bytes).
    Removing stm32f4xx_hal_gpio.o(i.HAL_GPIO_EXTI_IRQHandler), (24 bytes).
    Removing stm32f4xx_hal_gpio.o(i.HAL_GPIO_LockPin), (34 bytes).
    Removing stm32f4xx_hal_gpio.o(i.HAL_GPIO_ReadPin), (10 bytes).
    Removing stm32f4xx_hal_dma.o(.rev16_text), (4 bytes).
    Removing stm32f4xx_hal_dma.o(.revsh_text), (4 bytes).
    Removing stm32f4xx_hal_dma.o(.rrx_text), (6 bytes).
    Removing stm32f4xx_hal_dma.o(i.DMA_CalcBaseAndBitshift), (40 bytes).
    Removing stm32f4xx_hal_dma.o(i.DMA_CheckFifoParam), (84 bytes).
    Removing stm32f4xx_hal_dma.o(i.DMA_SetConfig), (40 bytes).
    Removing stm32f4xx_hal_dma.o(i.HAL_DMA_Abort), (142 bytes).
    Removing stm32f4xx_hal_dma.o(i.HAL_DMA_DeInit), (86 bytes).
    Removing stm32f4xx_hal_dma.o(i.HAL_DMA_GetError), (4 bytes).
    Removing stm32f4xx_hal_dma.o(i.HAL_DMA_GetState), (6 bytes).
    Removing stm32f4xx_hal_dma.o(i.HAL_DMA_IRQHandler), (424 bytes).
    Removing stm32f4xx_hal_dma.o(i.HAL_DMA_Init), (212 bytes).
    Removing stm32f4xx_hal_dma.o(i.HAL_DMA_PollForTransfer), (300 bytes).
    Removing stm32f4xx_hal_dma.o(i.HAL_DMA_RegisterCallback), (80 bytes).
    Removing stm32f4xx_hal_dma.o(i.HAL_DMA_Start), (70 bytes).
    Removing stm32f4xx_hal_dma.o(i.HAL_DMA_Start_IT), (120 bytes).
    Removing stm32f4xx_hal_dma.o(i.HAL_DMA_UnRegisterCallback), (96 bytes).
    Removing stm32f4xx_hal_dma.o(.constdata), (8 bytes).
    Removing stm32f4xx_hal.o(.rev16_text), (4 bytes).
    Removing stm32f4xx_hal.o(.revsh_text), (4 bytes).
    Removing stm32f4xx_hal.o(.rrx_text), (6 bytes).
    Removing stm32f4xx_hal.o(i.HAL_DBGMCU_DisableDBGSleepMode), (16 bytes).
    Removing stm32f4xx_hal.o(i.HAL_DBGMCU_DisableDBGStandbyMode), (16 bytes).
    Removing stm32f4xx_hal.o(i.HAL_DBGMCU_DisableDBGStopMode), (16 bytes).
    Removing stm32f4xx_hal.o(i.HAL_DBGMCU_EnableDBGSleepMode), (16 bytes).
    Removing stm32f4xx_hal.o(i.HAL_DBGMCU_EnableDBGStandbyMode), (16 bytes).
    Removing stm32f4xx_hal.o(i.HAL_DBGMCU_EnableDBGStopMode), (16 bytes).
    Removing stm32f4xx_hal.o(i.HAL_DeInit), (52 bytes).
    Removing stm32f4xx_hal.o(i.HAL_DisableCompensationCell), (28 bytes).
    Removing stm32f4xx_hal.o(i.HAL_EnableCompensationCell), (28 bytes).
    Removing stm32f4xx_hal.o(i.HAL_GetDEVID), (16 bytes).
    Removing stm32f4xx_hal.o(i.HAL_GetHalVersion), (8 bytes).
    Removing stm32f4xx_hal.o(i.HAL_GetREVID), (12 bytes).
    Removing stm32f4xx_hal.o(i.HAL_GetUID), (28 bytes).
    Removing stm32f4xx_hal.o(i.HAL_MspDeInit), (2 bytes).
    Removing stm32f4xx_hal.o(i.HAL_MspInit), (2 bytes).
    Removing stm32f4xx_hal.o(i.HAL_ResumeTick), (14 bytes).
    Removing stm32f4xx_hal.o(i.HAL_SuspendTick), (14 bytes).
    Removing stm32f4xx_hal_tim_ex.o(.rev16_text), (4 bytes).
    Removing stm32f4xx_hal_tim_ex.o(.revsh_text), (4 bytes).
    Removing stm32f4xx_hal_tim_ex.o(.rrx_text), (6 bytes).
    Removing stm32f4xx_hal_flash_ramfunc.o(.rev16_text), (4 bytes).
    Removing stm32f4xx_hal_flash_ramfunc.o(.revsh_text), (4 bytes).
    Removing stm32f4xx_hal_flash_ramfunc.o(.rrx_text), (6 bytes).
    Removing stm32f4xx_hal_flash_ramfunc.o(i.HAL_FLASHEx_DisableFlashSleepMode), (44 bytes).
    Removing stm32f4xx_hal_flash_ramfunc.o(i.HAL_FLASHEx_EnableFlashSleepMode), (44 bytes).
    Removing stm32f4xx_hal_flash_ramfunc.o(i.HAL_FLASHEx_StartFlashInterfaceClk), (44 bytes).
    Removing stm32f4xx_hal_flash_ramfunc.o(i.HAL_FLASHEx_StopFlashInterfaceClk), (44 bytes).
    Removing stm32f4xx_hal_flash_ex.o(.rev16_text), (4 bytes).
    Removing stm32f4xx_hal_flash_ex.o(.revsh_text), (4 bytes).
    Removing stm32f4xx_hal_flash_ex.o(.rrx_text), (6 bytes).
    Removing stm32f4xx_hal_flash_ex.o(i.FLASH_Erase_Sector), (88 bytes).
    Removing stm32f4xx_hal_flash_ex.o(i.FLASH_FlushCaches), (84 bytes).
    Removing stm32f4xx_hal_flash_ex.o(i.FLASH_MassErase), (40 bytes).
    Removing stm32f4xx_hal_flash_ex.o(i.HAL_FLASHEx_AdvOBGetConfig), (12 bytes).
    Removing stm32f4xx_hal_flash_ex.o(i.HAL_FLASHEx_AdvOBProgram), (60 bytes).
    Removing stm32f4xx_hal_flash_ex.o(i.HAL_FLASHEx_Erase), (152 bytes).
    Removing stm32f4xx_hal_flash_ex.o(i.HAL_FLASHEx_Erase_IT), (104 bytes).
    Removing stm32f4xx_hal_flash_ex.o(i.HAL_FLASHEx_OBGetConfig), (64 bytes).
    Removing stm32f4xx_hal_flash_ex.o(i.HAL_FLASHEx_OBProgram), (204 bytes).
    Removing stm32f4xx_hal_flash_ex.o(i.HAL_FLASHEx_OB_DeSelectPCROP), (20 bytes).
    Removing stm32f4xx_hal_flash_ex.o(i.HAL_FLASHEx_OB_SelectPCROP), (24 bytes).
    Removing stm32f4xx_hal_rcc.o(.rev16_text), (4 bytes).
    Removing stm32f4xx_hal_rcc.o(.revsh_text), (4 bytes).
    Removing stm32f4xx_hal_rcc.o(.rrx_text), (6 bytes).
    Removing stm32f4xx_hal_rcc.o(i.HAL_RCC_CSSCallback), (2 bytes).
    Removing stm32f4xx_hal_rcc.o(i.HAL_RCC_DeInit), (2 bytes).
    Removing stm32f4xx_hal_rcc.o(i.HAL_RCC_DisableCSS), (12 bytes).
    Removing stm32f4xx_hal_rcc.o(i.HAL_RCC_EnableCSS), (12 bytes).
    Removing stm32f4xx_hal_rcc.o(i.HAL_RCC_GetClockConfig), (64 bytes).
    Removing stm32f4xx_hal_rcc.o(i.HAL_RCC_GetOscConfig), (232 bytes).
    Removing stm32f4xx_hal_rcc.o(i.HAL_RCC_GetPCLK1Freq), (48 bytes).
    Removing stm32f4xx_hal_rcc.o(i.HAL_RCC_GetPCLK2Freq), (48 bytes).
    Removing stm32f4xx_hal_rcc.o(i.HAL_RCC_MCOConfig), (140 bytes).
    Removing stm32f4xx_hal_rcc.o(i.HAL_RCC_NMI_IRQHandler), (28 bytes).
    Removing stm32f4xx_hal_cortex.o(.rev16_text), (4 bytes).
    Removing stm32f4xx_hal_cortex.o(.revsh_text), (4 bytes).
    Removing stm32f4xx_hal_cortex.o(.rrx_text), (6 bytes).
    Removing stm32f4xx_hal_cortex.o(i.HAL_MPU_ConfigRegion), (84 bytes).
    Removing stm32f4xx_hal_cortex.o(i.HAL_MPU_Disable), (28 bytes).
    Removing stm32f4xx_hal_cortex.o(i.HAL_MPU_Enable), (36 bytes).
    Removing stm32f4xx_hal_cortex.o(i.HAL_NVIC_ClearPendingIRQ), (22 bytes).
    Removing stm32f4xx_hal_cortex.o(i.HAL_NVIC_DisableIRQ), (22 bytes).
    Removing stm32f4xx_hal_cortex.o(i.HAL_NVIC_GetActive), (32 bytes).
    Removing stm32f4xx_hal_cortex.o(i.HAL_NVIC_GetPendingIRQ), (32 bytes).
    Removing stm32f4xx_hal_cortex.o(i.HAL_NVIC_GetPriority), (82 bytes).
    Removing stm32f4xx_hal_cortex.o(i.HAL_NVIC_GetPriorityGrouping), (16 bytes).
    Removing stm32f4xx_hal_cortex.o(i.HAL_NVIC_SetPendingIRQ), (22 bytes).
    Removing stm32f4xx_hal_cortex.o(i.HAL_NVIC_SystemReset), (36 bytes).
    Removing stm32f4xx_hal_pwr.o(.rev16_text), (4 bytes).
    Removing stm32f4xx_hal_pwr.o(.revsh_text), (4 bytes).
    Removing stm32f4xx_hal_pwr.o(.rrx_text), (6 bytes).
    Removing stm32f4xx_hal_pwr.o(i.HAL_PWR_ConfigPVD), (124 bytes).
    Removing stm32f4xx_hal_pwr.o(i.HAL_PWR_DeInit), (24 bytes).
    Removing stm32f4xx_hal_pwr.o(i.HAL_PWR_DisableBkUpAccess), (28 bytes).
    Removing stm32f4xx_hal_pwr.o(i.HAL_PWR_DisablePVD), (24 bytes).
    Removing stm32f4xx_hal_pwr.o(i.HAL_PWR_DisableSEVOnPend), (16 bytes).
    Removing stm32f4xx_hal_pwr.o(i.HAL_PWR_DisableSleepOnExit), (16 bytes).
    Removing stm32f4xx_hal_pwr.o(i.HAL_PWR_DisableWakeUpPin), (16 bytes).
    Removing stm32f4xx_hal_pwr.o(i.HAL_PWR_EnableBkUpAccess), (24 bytes).
    Removing stm32f4xx_hal_pwr.o(i.HAL_PWR_EnablePVD), (24 bytes).
    Removing stm32f4xx_hal_pwr.o(i.HAL_PWR_EnableSEVOnPend), (16 bytes).
    Removing stm32f4xx_hal_pwr.o(i.HAL_PWR_EnableSleepOnExit), (16 bytes).
    Removing stm32f4xx_hal_pwr.o(i.HAL_PWR_EnableWakeUpPin), (16 bytes).
    Removing stm32f4xx_hal_pwr.o(i.HAL_PWR_EnterSLEEPMode), (32 bytes).
    Removing stm32f4xx_hal_pwr.o(i.HAL_PWR_EnterSTANDBYMode), (32 bytes).
    Removing stm32f4xx_hal_pwr.o(i.HAL_PWR_EnterSTOPMode), (56 bytes).
    Removing stm32f4xx_hal_pwr.o(i.HAL_PWR_PVDCallback), (2 bytes).
    Removing stm32f4xx_hal_pwr.o(i.HAL_PWR_PVD_IRQHandler), (28 bytes).
    Removing startup_stm32f411xe.o(HEAP), (8192 bytes).
    Removing system_stm32f4xx.o(.rev16_text), (4 bytes).
    Removing system_stm32f4xx.o(.revsh_text), (4 bytes).
    Removing system_stm32f4xx.o(.rrx_text), (6 bytes).
    Removing system_stm32f4xx.o(i.SystemCoreClockUpdate), (120 bytes).
    Removing system_stm32f4xx.o(.constdata), (8 bytes).
    Removing stm32f4xx_hal_msp.o(.rev16_text), (4 bytes).
    Removing stm32f4xx_hal_msp.o(.revsh_text), (4 bytes).
    Removing stm32f4xx_hal_msp.o(.rrx_text), (6 bytes).
    Removing stm32f4xx_hal_msp.o(i.HAL_SD_MspDeInit), (80 bytes).
    Removing stm32f4xx_it.o(.rev16_text), (4 bytes).
    Removing stm32f4xx_it.o(.revsh_text), (4 bytes).
    Removing stm32f4xx_it.o(.rrx_text), (6 bytes).
    Removing main.o(.rev16_text), (4 bytes).
    Removing main.o(.revsh_text), (4 bytes).
    Removing main.o(.rrx_text), (6 bytes).
    Removing main.o(i._Error_Handler), (2 bytes).
    Removing fatfs.o(.rev16_text), (4 bytes).
    Removing fatfs.o(.revsh_text), (4 bytes).
    Removing fatfs.o(.rrx_text), (6 bytes).
    Removing bsp_driver_sd.o(.rev16_text), (4 bytes).
    Removing bsp_driver_sd.o(.revsh_text), (4 bytes).
    Removing bsp_driver_sd.o(.rrx_text), (6 bytes).
    Removing bsp_driver_sd.o(i.BSP_SD_DMA_Rx_IRQHandler), (12 bytes).
    Removing bsp_driver_sd.o(i.BSP_SD_DMA_Tx_IRQHandler), (12 bytes).
    Removing bsp_driver_sd.o(i.BSP_SD_DetectCallback), (2 bytes).
    Removing bsp_driver_sd.o(i.BSP_SD_DetectIT), (2 bytes).
    Removing bsp_driver_sd.o(i.BSP_SD_Erase), (28 bytes).
    Removing bsp_driver_sd.o(i.BSP_SD_IRQHandler), (12 bytes).
    Removing bsp_driver_sd.o(i.BSP_SD_ITConfig), (4 bytes).
    Removing bsp_driver_sd.o(i.BSP_SD_IsDetected), (14 bytes).
    Removing bsp_driver_sd.o(i.BSP_SD_ReadBlocks_DMA), (28 bytes).
    Removing bsp_driver_sd.o(i.BSP_SD_WriteBlocks_DMA), (28 bytes).
    Removing sd_diskio.o(.rev16_text), (4 bytes).
    Removing sd_diskio.o(.revsh_text), (4 bytes).
    Removing sd_diskio.o(.rrx_text), (6 bytes).
    Removing ff_gen_drv.o(.rev16_text), (4 bytes).
    Removing ff_gen_drv.o(.revsh_text), (4 bytes).
    Removing ff_gen_drv.o(.rrx_text), (6 bytes).
    Removing ff_gen_drv.o(i.FATFS_GetAttachedDriversNbr), (12 bytes).
    Removing ff_gen_drv.o(i.FATFS_UnLinkDriver), (6 bytes).
    Removing ff_gen_drv.o(i.FATFS_UnLinkDriverEx), (52 bytes).
    Removing diskio.o(.rev16_text), (4 bytes).
    Removing diskio.o(.revsh_text), (4 bytes).
    Removing diskio.o(.rrx_text), (6 bytes).
    Removing diskio.o(i.get_fattime), (4 bytes).
    Removing ff.o(.rev16_text), (4 bytes).
    Removing ff.o(.revsh_text), (4 bytes).
    Removing ff.o(.rrx_text), (6 bytes).
    Removing ff.o(i.dir_read), (102 bytes).
    Removing ff.o(i.dir_remove), (66 bytes).
    Removing ff.o(i.f_chmod), (82 bytes).
    Removing ff.o(i.f_closedir), (36 bytes).
    Removing ff.o(i.f_getfree), (200 bytes).
    Removing ff.o(i.f_gets), (72 bytes).
    Removing ff.o(i.f_lseek), (644 bytes).
    Removing ff.o(i.f_mkdir), (356 bytes).
    Removing ff.o(i.f_mkfs), (1334 bytes).
    Removing ff.o(i.f_opendir), (148 bytes).
    Removing ff.o(i.f_printf), (490 bytes).
    Removing ff.o(i.f_putc), (60 bytes).
    Removing ff.o(i.f_puts), (70 bytes).
    Removing ff.o(i.f_readdir), (82 bytes).
    Removing ff.o(i.f_rename), (298 bytes).
    Removing ff.o(i.f_stat), (64 bytes).
    Removing ff.o(i.f_truncate), (216 bytes).
    Removing ff.o(i.f_unlink), (170 bytes).
    Removing ff.o(i.f_utime), (86 bytes).
    Removing ff.o(i.get_fileinfo), (80 bytes).
    Removing ff.o(i.putc_bfd), (70 bytes).
    Removing syscall.o(.rev16_text), (4 bytes).
    Removing syscall.o(.revsh_text), (4 bytes).
    Removing syscall.o(.rrx_text), (6 bytes).

285 unused section(s) (total 26478 bytes) removed from the image.

==============================================================================

Image Symbol Table

    Local Symbols

    Symbol Name                              Value     Ov Type        Size  Object(Section)

    ../Drivers/STM32F4xx_HAL_Driver/Src/stm32f4xx_hal.c 0x00000000   Number         0  stm32f4xx_hal.o ABSOLUTE
    ../Drivers/STM32F4xx_HAL_Driver/Src/stm32f4xx_hal_cortex.c 0x00000000   Number         0  stm32f4xx_hal_cortex.o ABSOLUTE
    ../Drivers/STM32F4xx_HAL_Driver/Src/stm32f4xx_hal_dma.c 0x00000000   Number         0  stm32f4xx_hal_dma.o ABSOLUTE
    ../Drivers/STM32F4xx_HAL_Driver/Src/stm32f4xx_hal_dma_ex.c 0x00000000   Number         0  stm32f4xx_hal_dma_ex.o ABSOLUTE
    ../Drivers/STM32F4xx_HAL_Driver/Src/stm32f4xx_hal_flash.c 0x00000000   Number         0  stm32f4xx_hal_flash.o ABSOLUTE
    ../Drivers/STM32F4xx_HAL_Driver/Src/stm32f4xx_hal_flash_ex.c 0x00000000   Number         0  stm32f4xx_hal_flash_ex.o ABSOLUTE
    ../Drivers/STM32F4xx_HAL_Driver/Src/stm32f4xx_hal_flash_ramfunc.c 0x00000000   Number         0  stm32f4xx_hal_flash_ramfunc.o ABSOLUTE
    ../Drivers/STM32F4xx_HAL_Driver/Src/stm32f4xx_hal_gpio.c 0x00000000   Number         0  stm32f4xx_hal_gpio.o ABSOLUTE
    ../Drivers/STM32F4xx_HAL_Driver/Src/stm32f4xx_hal_pwr.c 0x00000000   Number         0  stm32f4xx_hal_pwr.o ABSOLUTE
    ../Drivers/STM32F4xx_HAL_Driver/Src/stm32f4xx_hal_pwr_ex.c 0x00000000   Number         0  stm32f4xx_hal_pwr_ex.o ABSOLUTE
    ../Drivers/STM32F4xx_HAL_Driver/Src/stm32f4xx_hal_rcc.c 0x00000000   Number         0  stm32f4xx_hal_rcc.o ABSOLUTE
    ../Drivers/STM32F4xx_HAL_Driver/Src/stm32f4xx_hal_rcc_ex.c 0x00000000   Number         0  stm32f4xx_hal_rcc_ex.o ABSOLUTE
    ../Drivers/STM32F4xx_HAL_Driver/Src/stm32f4xx_hal_sd.c 0x00000000   Number         0  stm32f4xx_hal_sd.o ABSOLUTE
    ../Drivers/STM32F4xx_HAL_Driver/Src/stm32f4xx_hal_tim.c 0x00000000   Number         0  stm32f4xx_hal_tim.o ABSOLUTE
    ../Drivers/STM32F4xx_HAL_Driver/Src/stm32f4xx_hal_tim_ex.c 0x00000000   Number         0  stm32f4xx_hal_tim_ex.o ABSOLUTE
    ../Drivers/STM32F4xx_HAL_Driver/Src/stm32f4xx_ll_sdmmc.c 0x00000000   Number         0  stm32f4xx_ll_sdmmc.o ABSOLUTE
    ../Middlewares/Third_Party/FatFs/src/diskio.c 0x00000000   Number         0  diskio.o ABSOLUTE
    ../Middlewares/Third_Party/FatFs/src/drivers/sd_diskio.c 0x00000000   Number         0  sd_diskio.o ABSOLUTE
    ../Middlewares/Third_Party/FatFs/src/ff.c 0x00000000   Number         0  ff.o ABSOLUTE
    ../Middlewares/Third_Party/FatFs/src/ff_gen_drv.c 0x00000000   Number         0  ff_gen_drv.o ABSOLUTE
    ../Middlewares/Third_Party/FatFs/src/option/syscall.c 0x00000000   Number         0  syscall.o ABSOLUTE
    ../Src/bsp_driver_sd.c                   0x00000000   Number         0  bsp_driver_sd.o ABSOLUTE
    ../Src/fatfs.c                           0x00000000   Number         0  fatfs.o ABSOLUTE
    ../Src/main.c                            0x00000000   Number         0  main.o ABSOLUTE
    ../Src/stm32f4xx_hal_msp.c               0x00000000   Number         0  stm32f4xx_hal_msp.o ABSOLUTE
    ../Src/stm32f4xx_it.c                    0x00000000   Number         0  stm32f4xx_it.o ABSOLUTE
    ../Src/system_stm32f4xx.c                0x00000000   Number         0  system_stm32f4xx.o ABSOLUTE
    ../clib/microlib/init/entry.s            0x00000000   Number         0  entry7a.o ABSOLUTE
    ../clib/microlib/init/entry.s            0x00000000   Number         0  entry5.o ABSOLUTE
    ../clib/microlib/init/entry.s            0x00000000   Number         0  entry2.o ABSOLUTE
    ../clib/microlib/init/entry.s            0x00000000   Number         0  entry10b.o ABSOLUTE
    ../clib/microlib/init/entry.s            0x00000000   Number         0  entry.o ABSOLUTE
    ../clib/microlib/init/entry.s            0x00000000   Number         0  entry8a.o ABSOLUTE
    ../clib/microlib/init/entry.s            0x00000000   Number         0  entry9a.o ABSOLUTE
    ../clib/microlib/init/entry.s            0x00000000   Number         0  entry11b.o ABSOLUTE
    ../clib/microlib/init/entry.s            0x00000000   Number         0  entry11a.o ABSOLUTE
    ../clib/microlib/init/entry.s            0x00000000   Number         0  entry10a.o ABSOLUTE
    ../clib/microlib/init/entry.s            0x00000000   Number         0  entry9b.o ABSOLUTE
    ../clib/microlib/init/entry.s            0x00000000   Number         0  entry8b.o ABSOLUTE
    ../clib/microlib/init/entry.s            0x00000000   Number         0  entry7b.o ABSOLUTE
    ../clib/microlib/string/memcpy.c         0x00000000   Number         0  memcpya.o ABSOLUTE
    ../clib/microlib/string/memcpy.c         0x00000000   Number         0  memcpyb.o ABSOLUTE
    ..\Drivers\STM32F4xx_HAL_Driver\Src\stm32f4xx_hal.c 0x00000000   Number         0  stm32f4xx_hal.o ABSOLUTE
    ..\Drivers\STM32F4xx_HAL_Driver\Src\stm32f4xx_hal_cortex.c 0x00000000   Number         0  stm32f4xx_hal_cortex.o ABSOLUTE
    ..\Drivers\STM32F4xx_HAL_Driver\Src\stm32f4xx_hal_dma.c 0x00000000   Number         0  stm32f4xx_hal_dma.o ABSOLUTE
    ..\Drivers\STM32F4xx_HAL_Driver\Src\stm32f4xx_hal_dma_ex.c 0x00000000   Number         0  stm32f4xx_hal_dma_ex.o ABSOLUTE
    ..\Drivers\STM32F4xx_HAL_Driver\Src\stm32f4xx_hal_flash.c 0x00000000   Number         0  stm32f4xx_hal_flash.o ABSOLUTE
    ..\Drivers\STM32F4xx_HAL_Driver\Src\stm32f4xx_hal_flash_ex.c 0x00000000   Number         0  stm32f4xx_hal_flash_ex.o ABSOLUTE
    ..\Drivers\STM32F4xx_HAL_Driver\Src\stm32f4xx_hal_flash_ramfunc.c 0x00000000   Number         0  stm32f4xx_hal_flash_ramfunc.o ABSOLUTE
    ..\Drivers\STM32F4xx_HAL_Driver\Src\stm32f4xx_hal_gpio.c 0x00000000   Number         0  stm32f4xx_hal_gpio.o ABSOLUTE
    ..\Drivers\STM32F4xx_HAL_Driver\Src\stm32f4xx_hal_pwr.c 0x00000000   Number         0  stm32f4xx_hal_pwr.o ABSOLUTE
    ..\Drivers\STM32F4xx_HAL_Driver\Src\stm32f4xx_hal_pwr_ex.c 0x00000000   Number         0  stm32f4xx_hal_pwr_ex.o ABSOLUTE
    ..\Drivers\STM32F4xx_HAL_Driver\Src\stm32f4xx_hal_rcc.c 0x00000000   Number         0  stm32f4xx_hal_rcc.o ABSOLUTE
    ..\Drivers\STM32F4xx_HAL_Driver\Src\stm32f4xx_hal_rcc_ex.c 0x00000000   Number         0  stm32f4xx_hal_rcc_ex.o ABSOLUTE
    ..\Drivers\STM32F4xx_HAL_Driver\Src\stm32f4xx_hal_sd.c 0x00000000   Number         0  stm32f4xx_hal_sd.o ABSOLUTE
    ..\Drivers\STM32F4xx_HAL_Driver\Src\stm32f4xx_hal_tim.c 0x00000000   Number         0  stm32f4xx_hal_tim.o ABSOLUTE
    ..\Drivers\STM32F4xx_HAL_Driver\Src\stm32f4xx_hal_tim_ex.c 0x00000000   Number         0  stm32f4xx_hal_tim_ex.o ABSOLUTE
    ..\Drivers\STM32F4xx_HAL_Driver\Src\stm32f4xx_ll_sdmmc.c 0x00000000   Number         0  stm32f4xx_ll_sdmmc.o ABSOLUTE
    ..\Middlewares\Third_Party\FatFs\src\diskio.c 0x00000000   Number         0  diskio.o ABSOLUTE
    ..\Middlewares\Third_Party\FatFs\src\drivers\sd_diskio.c 0x00000000   Number         0  sd_diskio.o ABSOLUTE
    ..\Middlewares\Third_Party\FatFs\src\ff.c 0x00000000   Number         0  ff.o ABSOLUTE
    ..\Middlewares\Third_Party\FatFs\src\ff_gen_drv.c 0x00000000   Number         0  ff_gen_drv.o ABSOLUTE
    ..\Middlewares\Third_Party\FatFs\src\option\syscall.c 0x00000000   Number         0  syscall.o ABSOLUTE
    ..\Src\bsp_driver_sd.c                   0x00000000   Number         0  bsp_driver_sd.o ABSOLUTE
    ..\Src\fatfs.c                           0x00000000   Number         0  fatfs.o ABSOLUTE
    ..\Src\main.c                            0x00000000   Number         0  main.o ABSOLUTE
    ..\Src\stm32f4xx_hal_msp.c               0x00000000   Number         0  stm32f4xx_hal_msp.o ABSOLUTE
    ..\Src\stm32f4xx_it.c                    0x00000000   Number         0  stm32f4xx_it.o ABSOLUTE
    ..\Src\system_stm32f4xx.c                0x00000000   Number         0  system_stm32f4xx.o ABSOLUTE
    dc.s                                     0x00000000   Number         0  dc.o ABSOLUTE
    handlers.s                               0x00000000   Number         0  handlers.o ABSOLUTE
    init.s                                   0x00000000   Number         0  init.o ABSOLUTE
    startup_stm32f411xe.s                    0x00000000   Number         0  startup_stm32f411xe.o ABSOLUTE
    RESET                                    0x08000000   Section      408  startup_stm32f411xe.o(RESET)
    .ARM.Collect$$$$00000000                 0x08000198   Section        0  entry.o(.ARM.Collect$$$$00000000)
    .ARM.Collect$$$$00000001                 0x08000198   Section        4  entry2.o(.ARM.Collect$$$$00000001)
    .ARM.Collect$$$$00000004                 0x0800019c   Section        4  entry5.o(.ARM.Collect$$$$00000004)
    .ARM.Collect$$$$00000008                 0x080001a0   Section        0  entry7b.o(.ARM.Collect$$$$00000008)
    .ARM.Collect$$$$0000000A                 0x080001a0   Section        0  entry8b.o(.ARM.Collect$$$$0000000A)
    .ARM.Collect$$$$0000000B                 0x080001a0   Section        8  entry9a.o(.ARM.Collect$$$$0000000B)
    .ARM.Collect$$$$0000000D                 0x080001a8   Section        0  entry10a.o(.ARM.Collect$$$$0000000D)
    .ARM.Collect$$$$0000000F                 0x080001a8   Section        0  entry11a.o(.ARM.Collect$$$$0000000F)
    .ARM.Collect$$$$00002712                 0x080001a8   Section        4  entry2.o(.ARM.Collect$$$$00002712)
    __lit__00000000                          0x080001a8   Data           4  entry2.o(.ARM.Collect$$$$00002712)
    .text                                    0x080001ac   Section       36  startup_stm32f411xe.o(.text)
    $v0                                      0x080001ac   Number         0  startup_stm32f411xe.o(.text)
    .text                                    0x080001d0   Section        0  memcpya.o(.text)
    .text                                    0x080001f4   Section       36  init.o(.text)
    i.BSP_SD_GetCardInfo                     0x08000218   Section        0  bsp_driver_sd.o(i.BSP_SD_GetCardInfo)
    i.BSP_SD_GetCardState                    0x08000224   Section        0  bsp_driver_sd.o(i.BSP_SD_GetCardState)
    i.BSP_SD_Init                            0x0800023c   Section        0  bsp_driver_sd.o(i.BSP_SD_Init)
    i.BSP_SD_ReadBlocks                      0x08000260   Section        0  bsp_driver_sd.o(i.BSP_SD_ReadBlocks)
    i.BSP_SD_WriteBlocks                     0x08000280   Section        0  bsp_driver_sd.o(i.BSP_SD_WriteBlocks)
    i.FATFS_LinkDriver                       0x080002a0   Section        0  ff_gen_drv.o(i.FATFS_LinkDriver)
    i.FATFS_LinkDriverEx                     0x080002a8   Section        0  ff_gen_drv.o(i.FATFS_LinkDriverEx)
    i.HAL_DMA_Abort_IT                       0x080002e8   Section        0  stm32f4xx_hal_dma.o(i.HAL_DMA_Abort_IT)
    i.HAL_Delay                              0x0800030c   Section        0  stm32f4xx_hal.o(i.HAL_Delay)
    i.HAL_GPIO_Init                          0x08000328   Section        0  stm32f4xx_hal_gpio.o(i.HAL_GPIO_Init)
    i.HAL_GPIO_TogglePin                     0x080004b0   Section        0  stm32f4xx_hal_gpio.o(i.HAL_GPIO_TogglePin)
    i.HAL_GPIO_WritePin                      0x080004b8   Section        0  stm32f4xx_hal_gpio.o(i.HAL_GPIO_WritePin)
    i.HAL_GetTick                            0x080004c4   Section        0  stm32f4xx_hal.o(i.HAL_GetTick)
    i.HAL_IncTick                            0x080004d0   Section        0  stm32f4xx_hal.o(i.HAL_IncTick)
    i.HAL_Init                               0x080004e0   Section        0  stm32f4xx_hal.o(i.HAL_Init)
    i.HAL_InitTick                           0x08000514   Section        0  stm32f4xx_hal.o(i.HAL_InitTick)
    i.HAL_MspInit                            0x0800053c   Section        0  stm32f4xx_hal_msp.o(i.HAL_MspInit)
    i.HAL_NVIC_EnableIRQ                     0x08000594   Section        0  stm32f4xx_hal_cortex.o(i.HAL_NVIC_EnableIRQ)
    i.HAL_NVIC_SetPriority                   0x080005ac   Section        0  stm32f4xx_hal_cortex.o(i.HAL_NVIC_SetPriority)
    i.HAL_NVIC_SetPriorityGrouping           0x080005ec   Section        0  stm32f4xx_hal_cortex.o(i.HAL_NVIC_SetPriorityGrouping)
    i.HAL_RCC_ClockConfig                    0x08000610   Section        0  stm32f4xx_hal_rcc.o(i.HAL_RCC_ClockConfig)
    i.HAL_RCC_GetHCLKFreq                    0x0800078c   Section        0  stm32f4xx_hal_rcc.o(i.HAL_RCC_GetHCLKFreq)
    i.HAL_RCC_GetSysClockFreq                0x08000798   Section        0  stm32f4xx_hal_rcc.o(i.HAL_RCC_GetSysClockFreq)
    i.HAL_RCC_OscConfig                      0x08000808   Section        0  stm32f4xx_hal_rcc.o(i.HAL_RCC_OscConfig)
    i.HAL_SD_AbortCallback                   0x08000b1c   Section        0  stm32f4xx_hal_sd.o(i.HAL_SD_AbortCallback)
    i.HAL_SD_ErrorCallback                   0x08000b1e   Section        0  stm32f4xx_hal_sd.o(i.HAL_SD_ErrorCallback)
    i.HAL_SD_GetCardCSD                      0x08000b20   Section        0  stm32f4xx_hal_sd.o(i.HAL_SD_GetCardCSD)
    i.HAL_SD_GetCardInfo                     0x08000cfa   Section        0  stm32f4xx_hal_sd.o(i.HAL_SD_GetCardInfo)
    i.HAL_SD_GetCardState                    0x08000d1e   Section        0  stm32f4xx_hal_sd.o(i.HAL_SD_GetCardState)
    i.HAL_SD_IRQHandler                      0x08000d4c   Section        0  stm32f4xx_hal_sd.o(i.HAL_SD_IRQHandler)
    i.HAL_SD_Init                            0x08000f0c   Section        0  stm32f4xx_hal_sd.o(i.HAL_SD_Init)
    i.HAL_SD_InitCard                        0x08000f44   Section        0  stm32f4xx_hal_sd.o(i.HAL_SD_InitCard)
    i.HAL_SD_MspInit                         0x08000f98   Section        0  stm32f4xx_hal_msp.o(i.HAL_SD_MspInit)
    i.HAL_SD_ReadBlocks                      0x08001024   Section        0  stm32f4xx_hal_sd.o(i.HAL_SD_ReadBlocks)
    i.HAL_SD_RxCpltCallback                  0x080011d6   Section        0  stm32f4xx_hal_sd.o(i.HAL_SD_RxCpltCallback)
    i.HAL_SD_TxCpltCallback                  0x080011d8   Section        0  stm32f4xx_hal_sd.o(i.HAL_SD_TxCpltCallback)
    i.HAL_SD_WriteBlocks                     0x080011dc   Section        0  stm32f4xx_hal_sd.o(i.HAL_SD_WriteBlocks)
    i.HAL_SYSTICK_CLKSourceConfig            0x08001376   Section        0  stm32f4xx_hal_cortex.o(i.HAL_SYSTICK_CLKSourceConfig)
    i.HAL_SYSTICK_Callback                   0x0800138e   Section        0  stm32f4xx_hal_cortex.o(i.HAL_SYSTICK_Callback)
    i.HAL_SYSTICK_Config                     0x08001390   Section        0  stm32f4xx_hal_cortex.o(i.HAL_SYSTICK_Config)
    i.HAL_SYSTICK_IRQHandler                 0x080013b8   Section        0  stm32f4xx_hal_cortex.o(i.HAL_SYSTICK_IRQHandler)
    i.MX_FATFS_Init                          0x080013c0   Section        0  fatfs.o(i.MX_FATFS_Init)
    i.MX_GPIO_Init                           0x080013dc   Section        0  main.o(i.MX_GPIO_Init)
    MX_GPIO_Init                             0x080013dd   Thumb Code   150  main.o(i.MX_GPIO_Init)
    i.NVIC_SetPriority                       0x08001484   Section        0  stm32f4xx_hal_cortex.o(i.NVIC_SetPriority)
    NVIC_SetPriority                         0x08001485   Thumb Code    32  stm32f4xx_hal_cortex.o(i.NVIC_SetPriority)
    i.SDIO_ConfigData                        0x080014a4   Section        0  stm32f4xx_ll_sdmmc.o(i.SDIO_ConfigData)
    i.SDIO_GetPowerState                     0x080014c8   Section        0  stm32f4xx_ll_sdmmc.o(i.SDIO_GetPowerState)
    i.SDIO_GetResponse                       0x080014d0   Section        0  stm32f4xx_ll_sdmmc.o(i.SDIO_GetResponse)
    i.SDIO_IRQHandler                        0x080014dc   Section        0  stm32f4xx_it.o(i.SDIO_IRQHandler)
    i.SDIO_Init                              0x080014e8   Section        0  stm32f4xx_ll_sdmmc.o(i.SDIO_Init)
    i.SDIO_PowerState_ON                     0x0800150c   Section        0  stm32f4xx_ll_sdmmc.o(i.SDIO_PowerState_ON)
    i.SDIO_ReadFIFO                          0x08001514   Section        0  stm32f4xx_ll_sdmmc.o(i.SDIO_ReadFIFO)
    i.SDIO_SendCommand                       0x0800151a   Section        0  stm32f4xx_ll_sdmmc.o(i.SDIO_SendCommand)
    i.SDIO_WriteFIFO                         0x0800153a   Section        0  stm32f4xx_ll_sdmmc.o(i.SDIO_WriteFIFO)
    i.SDMMC_CmdAppCommand                    0x08001544   Section        0  stm32f4xx_ll_sdmmc.o(i.SDMMC_CmdAppCommand)
    i.SDMMC_CmdAppOperCommand                0x08001578   Section        0  stm32f4xx_ll_sdmmc.o(i.SDMMC_CmdAppOperCommand)
    i.SDMMC_CmdBlockLength                   0x080015ac   Section        0  stm32f4xx_ll_sdmmc.o(i.SDMMC_CmdBlockLength)
    i.SDMMC_CmdGoIdleState                   0x080015e0   Section        0  stm32f4xx_ll_sdmmc.o(i.SDMMC_CmdGoIdleState)
    i.SDMMC_CmdOperCond                      0x08001630   Section        0  stm32f4xx_ll_sdmmc.o(i.SDMMC_CmdOperCond)
    i.SDMMC_CmdReadMultiBlock                0x08001698   Section        0  stm32f4xx_ll_sdmmc.o(i.SDMMC_CmdReadMultiBlock)
    i.SDMMC_CmdReadSingleBlock               0x080016ca   Section        0  stm32f4xx_ll_sdmmc.o(i.SDMMC_CmdReadSingleBlock)
    i.SDMMC_CmdSelDesel                      0x080016fc   Section        0  stm32f4xx_ll_sdmmc.o(i.SDMMC_CmdSelDesel)
    i.SDMMC_CmdSendCID                       0x0800172e   Section        0  stm32f4xx_ll_sdmmc.o(i.SDMMC_CmdSendCID)
    i.SDMMC_CmdSendCSD                       0x0800175a   Section        0  stm32f4xx_ll_sdmmc.o(i.SDMMC_CmdSendCSD)
    i.SDMMC_CmdSendStatus                    0x08001786   Section        0  stm32f4xx_ll_sdmmc.o(i.SDMMC_CmdSendStatus)
    i.SDMMC_CmdSetRelAdd                     0x080017b8   Section        0  stm32f4xx_ll_sdmmc.o(i.SDMMC_CmdSetRelAdd)
    i.SDMMC_CmdStopTransfer                  0x080017e8   Section        0  stm32f4xx_ll_sdmmc.o(i.SDMMC_CmdStopTransfer)
    i.SDMMC_CmdWriteMultiBlock               0x0800181c   Section        0  stm32f4xx_ll_sdmmc.o(i.SDMMC_CmdWriteMultiBlock)
    i.SDMMC_CmdWriteSingleBlock              0x0800184e   Section        0  stm32f4xx_ll_sdmmc.o(i.SDMMC_CmdWriteSingleBlock)
    i.SDMMC_GetCmdResp1                      0x08001880   Section        0  stm32f4xx_ll_sdmmc.o(i.SDMMC_GetCmdResp1)
    SDMMC_GetCmdResp1                        0x08001881   Thumb Code   276  stm32f4xx_ll_sdmmc.o(i.SDMMC_GetCmdResp1)
    i.SDMMC_GetCmdResp2                      0x0800199c   Section        0  stm32f4xx_ll_sdmmc.o(i.SDMMC_GetCmdResp2)
    SDMMC_GetCmdResp2                        0x0800199d   Thumb Code    74  stm32f4xx_ll_sdmmc.o(i.SDMMC_GetCmdResp2)
    i.SDMMC_GetCmdResp3                      0x080019ec   Section        0  stm32f4xx_ll_sdmmc.o(i.SDMMC_GetCmdResp3)
    SDMMC_GetCmdResp3                        0x080019ed   Thumb Code    60  stm32f4xx_ll_sdmmc.o(i.SDMMC_GetCmdResp3)
    i.SDMMC_GetCmdResp6                      0x08001a2c   Section        0  stm32f4xx_ll_sdmmc.o(i.SDMMC_GetCmdResp6)
    SDMMC_GetCmdResp6                        0x08001a2d   Thumb Code   128  stm32f4xx_ll_sdmmc.o(i.SDMMC_GetCmdResp6)
    i.SD_DMARxAbort                          0x08001ab0   Section        0  stm32f4xx_hal_sd.o(i.SD_DMARxAbort)
    SD_DMARxAbort                            0x08001ab1   Thumb Code    72  stm32f4xx_hal_sd.o(i.SD_DMARxAbort)
    i.SD_DMATxAbort                          0x08001af8   Section        0  stm32f4xx_hal_sd.o(i.SD_DMATxAbort)
    SD_DMATxAbort                            0x08001af9   Thumb Code    72  stm32f4xx_hal_sd.o(i.SD_DMATxAbort)
    i.SD_InitCard                            0x08001b40   Section        0  stm32f4xx_hal_sd.o(i.SD_InitCard)
    SD_InitCard                              0x08001b41   Thumb Code   230  stm32f4xx_hal_sd.o(i.SD_InitCard)
    i.SD_PowerON                             0x08001c26   Section        0  stm32f4xx_hal_sd.o(i.SD_PowerON)
    SD_PowerON                               0x08001c27   Thumb Code   162  stm32f4xx_hal_sd.o(i.SD_PowerON)
    i.SD_initialize                          0x08001cc8   Section        0  sd_diskio.o(i.SD_initialize)
    i.SD_ioctl                               0x08001ce8   Section        0  sd_diskio.o(i.SD_ioctl)
    i.SD_read                                0x08001d38   Section        0  sd_diskio.o(i.SD_read)
    i.SD_status                              0x08001d74   Section        0  sd_diskio.o(i.SD_status)
    i.SD_write                               0x08001d94   Section        0  sd_diskio.o(i.SD_write)
    i.SysTick_Handler                        0x08001dd0   Section        0  stm32f4xx_it.o(i.SysTick_Handler)
    i.SystemClock_Config                     0x08001de0   Section        0  main.o(i.SystemClock_Config)
    i.SystemInit                             0x08001e7c   Section        0  system_stm32f4xx.o(i.SystemInit)
    i.__scatterload_copy                     0x08001ed0   Section       14  handlers.o(i.__scatterload_copy)
    i.__scatterload_null                     0x08001ede   Section        2  handlers.o(i.__scatterload_null)
    i.__scatterload_zeroinit                 0x08001ee0   Section       14  handlers.o(i.__scatterload_zeroinit)
    i.check_fs                               0x08001ef0   Section        0  ff.o(i.check_fs)
    check_fs                                 0x08001ef1   Thumb Code    90  ff.o(i.check_fs)
    i.chk_lock                               0x08001f50   Section        0  ff.o(i.chk_lock)
    chk_lock                                 0x08001f51   Thumb Code   102  ff.o(i.chk_lock)
    i.clear_lock                             0x08001fbc   Section        0  ff.o(i.clear_lock)
    clear_lock                               0x08001fbd   Thumb Code    32  ff.o(i.clear_lock)
    i.clmt_clust                             0x08001fe0   Section        0  ff.o(i.clmt_clust)
    clmt_clust                               0x08001fe1   Thumb Code    42  ff.o(i.clmt_clust)
    i.clust2sect                             0x0800200a   Section        0  ff.o(i.clust2sect)
    i.create_chain                           0x08002028   Section        0  ff.o(i.create_chain)
    create_chain                             0x08002029   Thumb Code   176  ff.o(i.create_chain)
    i.create_name                            0x080020d8   Section        0  ff.o(i.create_name)
    create_name                              0x080020d9   Thumb Code   234  ff.o(i.create_name)
    i.dec_lock                               0x080021d8   Section        0  ff.o(i.dec_lock)
    dec_lock                                 0x080021d9   Thumb Code    54  ff.o(i.dec_lock)
    i.dir_next                               0x08002214   Section        0  ff.o(i.dir_next)
    dir_next                                 0x08002215   Thumb Code   286  ff.o(i.dir_next)
    i.dir_register                           0x08002332   Section        0  ff.o(i.dir_register)
    dir_register                             0x08002333   Thumb Code   118  ff.o(i.dir_register)
    i.dir_sdi                                0x080023a8   Section        0  ff.o(i.dir_sdi)
    dir_sdi                                  0x080023a9   Thumb Code   152  ff.o(i.dir_sdi)
    i.disk_initialize                        0x08002440   Section        0  diskio.o(i.disk_initialize)
    i.disk_ioctl                             0x08002468   Section        0  diskio.o(i.disk_ioctl)
    i.disk_read                              0x08002484   Section        0  diskio.o(i.disk_read)
    i.disk_status                            0x080024a0   Section        0  diskio.o(i.disk_status)
    i.disk_write                             0x080024b8   Section        0  diskio.o(i.disk_write)
    i.f_close                                0x080024d4   Section        0  ff.o(i.f_close)
    i.f_mount                                0x08002500   Section        0  ff.o(i.f_mount)
    i.f_open                                 0x0800255c   Section        0  ff.o(i.f_open)
    i.f_read                                 0x080026fc   Section        0  ff.o(i.f_read)
    i.f_sync                                 0x08002888   Section        0  ff.o(i.f_sync)
    i.f_write                                0x08002940   Section        0  ff.o(i.f_write)
    i.find_volume                            0x08002b18   Section        0  ff.o(i.find_volume)
    find_volume                              0x08002b19   Thumb Code   588  ff.o(i.find_volume)
    i.follow_path                            0x08002d70   Section        0  ff.o(i.follow_path)
    follow_path                              0x08002d71   Thumb Code   192  ff.o(i.follow_path)
    i.get_fat                                0x08002e30   Section        0  ff.o(i.get_fat)
    i.get_fattime                            0x08002ef2   Section        0  fatfs.o(i.get_fattime)
    i.get_ldnumber                           0x08002ef6   Section        0  ff.o(i.get_ldnumber)
    get_ldnumber                             0x08002ef7   Thumb Code    60  ff.o(i.get_ldnumber)
    i.inc_lock                               0x08002f34   Section        0  ff.o(i.inc_lock)
    inc_lock                                 0x08002f35   Thumb Code   154  ff.o(i.inc_lock)
    i.ld_clust                               0x08002fd4   Section        0  ff.o(i.ld_clust)
    ld_clust                                 0x08002fd5   Thumb Code    20  ff.o(i.ld_clust)
    i.main                                   0x08002fe8   Section        0  main.o(i.main)
    i.mem_cpy                                0x08003100   Section        0  ff.o(i.mem_cpy)
    mem_cpy                                  0x08003101   Thumb Code    18  ff.o(i.mem_cpy)
    i.mem_set                                0x08003112   Section        0  ff.o(i.mem_set)
    mem_set                                  0x08003113   Thumb Code    14  ff.o(i.mem_set)
    i.move_window                            0x08003120   Section        0  ff.o(i.move_window)
    move_window                              0x08003121   Thumb Code    54  ff.o(i.move_window)
    i.put_fat                                0x08003156   Section        0  ff.o(i.put_fat)
    i.remove_chain                           0x0800324e   Section        0  ff.o(i.remove_chain)
    remove_chain                             0x0800324f   Thumb Code   110  ff.o(i.remove_chain)
    i.st_clust                               0x080032bc   Section        0  ff.o(i.st_clust)
    st_clust                                 0x080032bd   Thumb Code    16  ff.o(i.st_clust)
    i.sync_fs                                0x080032cc   Section        0  ff.o(i.sync_fs)
    sync_fs                                  0x080032cd   Thumb Code   182  ff.o(i.sync_fs)
    i.sync_window                            0x08003382   Section        0  ff.o(i.sync_window)
    sync_window                              0x08003383   Thumb Code    96  ff.o(i.sync_window)
    i.validate                               0x080033e2   Section        0  ff.o(i.validate)
    validate                                 0x080033e3   Thumb Code    44  ff.o(i.validate)
    .constdata                               0x0800340e   Section       16  system_stm32f4xx.o(.constdata)
    .constdata                               0x08003420   Section       20  sd_diskio.o(.constdata)
    .constdata                               0x08003434   Section      172  ff.o(.constdata)
    ExCvt                                    0x08003434   Data         128  ff.o(.constdata)
    vst                                      0x080034b4   Data          22  ff.o(.constdata)
    cst                                      0x080034ca   Data          22  ff.o(.constdata)
    .data                                    0x20000000   Section        4  stm32f4xx_hal.o(.data)
    .data                                    0x20000004   Section        4  system_stm32f4xx.o(.data)
    .data                                    0x20000008   Section        4  main.o(.data)
    .data                                    0x2000000c   Section        5  fatfs.o(.data)
    .data                                    0x20000011   Section        1  sd_diskio.o(.data)
    Stat                                     0x20000011   Data           1  sd_diskio.o(.data)
    .data                                    0x20000014   Section        8  ff.o(.data)
    Fsid                                     0x20000014   Data           2  ff.o(.data)
    FatFs                                    0x20000018   Data           4  ff.o(.data)
    .bss                                     0x2000001c   Section     1248  main.o(.bss)
    .bss                                     0x200004fc   Section       12  ff_gen_drv.o(.bss)
    .bss                                     0x20000508   Section       24  ff.o(.bss)
    Files                                    0x20000508   Data          24  ff.o(.bss)
    STACK                                    0x20000520   Section    16384  startup_stm32f411xe.o(STACK)

    Global Symbols

    Symbol Name                              Value     Ov Type        Size  Object(Section)

    BuildAttributes$$THM_ISAv4$E$P$D$K$B$S$7EM$VFPi3$EXTD16$VFPS$VFMA$PE$A:L22UL41UL21$X:L11$S22US41US21$IEEE1$IW$USESV6$~STKCKD$USESV7$~SHL$OSPACE$EBA8$MICROLIB$REQ8$PRES8$EABIv2 0x00000000   Number         0  anon$$obj.o ABSOLUTE
    __ARM_use_no_argv                        0x00000000   Number         0  main.o ABSOLUTE
    __cpp_initialize__aeabi_                  - Undefined Weak Reference
    __cxa_finalize                            - Undefined Weak Reference
    __decompress                              - Undefined Weak Reference
    _clock_init                               - Undefined Weak Reference
    _microlib_exit                            - Undefined Weak Reference
    __Vectors_Size                           0x00000198   Number         0  startup_stm32f411xe.o ABSOLUTE
    __Vectors                                0x08000000   Data           4  startup_stm32f411xe.o(RESET)
    __Vectors_End                            0x08000198   Data           0  startup_stm32f411xe.o(RESET)
    __main                                   0x08000199   Thumb Code     0  entry.o(.ARM.Collect$$$$00000000)
    _main_stk                                0x08000199   Thumb Code     0  entry2.o(.ARM.Collect$$$$00000001)
    _main_scatterload                        0x0800019d   Thumb Code     0  entry5.o(.ARM.Collect$$$$00000004)
    __main_after_scatterload                 0x080001a1   Thumb Code     0  entry5.o(.ARM.Collect$$$$00000004)
    _main_clock                              0x080001a1   Thumb Code     0  entry7b.o(.ARM.Collect$$$$00000008)
    _main_cpp_init                           0x080001a1   Thumb Code     0  entry8b.o(.ARM.Collect$$$$0000000A)
    _main_init                               0x080001a1   Thumb Code     0  entry9a.o(.ARM.Collect$$$$0000000B)
    __rt_final_cpp                           0x080001a9   Thumb Code     0  entry10a.o(.ARM.Collect$$$$0000000D)
    __rt_final_exit                          0x080001a9   Thumb Code     0  entry11a.o(.ARM.Collect$$$$0000000F)
    Reset_Handler                            0x080001ad   Thumb Code     8  startup_stm32f411xe.o(.text)
    NMI_Handler                              0x080001b5   Thumb Code     2  startup_stm32f411xe.o(.text)
    HardFault_Handler                        0x080001b7   Thumb Code     2  startup_stm32f411xe.o(.text)
    MemManage_Handler                        0x080001b9   Thumb Code     2  startup_stm32f411xe.o(.text)
    BusFault_Handler                         0x080001bb   Thumb Code     2  startup_stm32f411xe.o(.text)
    UsageFault_Handler                       0x080001bd   Thumb Code     2  startup_stm32f411xe.o(.text)
    SVC_Handler                              0x080001bf   Thumb Code     2  startup_stm32f411xe.o(.text)
    DebugMon_Handler                         0x080001c1   Thumb Code     2  startup_stm32f411xe.o(.text)
    PendSV_Handler                           0x080001c3   Thumb Code     2  startup_stm32f411xe.o(.text)
    ADC_IRQHandler                           0x080001c7   Thumb Code     0  startup_stm32f411xe.o(.text)
    DMA1_Stream0_IRQHandler                  0x080001c7   Thumb Code     0  startup_stm32f411xe.o(.text)
    DMA1_Stream1_IRQHandler                  0x080001c7   Thumb Code     0  startup_stm32f411xe.o(.text)
    DMA1_Stream2_IRQHandler                  0x080001c7   Thumb Code     0  startup_stm32f411xe.o(.text)
    DMA1_Stream3_IRQHandler                  0x080001c7   Thumb Code     0  startup_stm32f411xe.o(.text)
    DMA1_Stream4_IRQHandler                  0x080001c7   Thumb Code     0  startup_stm32f411xe.o(.text)
    DMA1_Stream5_IRQHandler                  0x080001c7   Thumb Code     0  startup_stm32f411xe.o(.text)
    DMA1_Stream6_IRQHandler                  0x080001c7   Thumb Code     0  startup_stm32f411xe.o(.text)
    DMA1_Stream7_IRQHandler                  0x080001c7   Thumb Code     0  startup_stm32f411xe.o(.text)
    DMA2_Stream0_IRQHandler                  0x080001c7   Thumb Code     0  startup_stm32f411xe.o(.text)
    DMA2_Stream1_IRQHandler                  0x080001c7   Thumb Code     0  startup_stm32f411xe.o(.text)
    DMA2_Stream2_IRQHandler                  0x080001c7   Thumb Code     0  startup_stm32f411xe.o(.text)
    DMA2_Stream3_IRQHandler                  0x080001c7   Thumb Code     0  startup_stm32f411xe.o(.text)
    DMA2_Stream4_IRQHandler                  0x080001c7   Thumb Code     0  startup_stm32f411xe.o(.text)
    DMA2_Stream5_IRQHandler                  0x080001c7   Thumb Code     0  startup_stm32f411xe.o(.text)
    DMA2_Stream6_IRQHandler                  0x080001c7   Thumb Code     0  startup_stm32f411xe.o(.text)
    DMA2_Stream7_IRQHandler                  0x080001c7   Thumb Code     0  startup_stm32f411xe.o(.text)
    EXTI0_IRQHandler                         0x080001c7   Thumb Code     0  startup_stm32f411xe.o(.text)
    EXTI15_10_IRQHandler                     0x080001c7   Thumb Code     0  startup_stm32f411xe.o(.text)
    EXTI1_IRQHandler                         0x080001c7   Thumb Code     0  startup_stm32f411xe.o(.text)
    EXTI2_IRQHandler                         0x080001c7   Thumb Code     0  startup_stm32f411xe.o(.text)
    EXTI3_IRQHandler                         0x080001c7   Thumb Code     0  startup_stm32f411xe.o(.text)
    EXTI4_IRQHandler                         0x080001c7   Thumb Code     0  startup_stm32f411xe.o(.text)
    EXTI9_5_IRQHandler                       0x080001c7   Thumb Code     0  startup_stm32f411xe.o(.text)
    FLASH_IRQHandler                         0x080001c7   Thumb Code     0  startup_stm32f411xe.o(.text)
    FPU_IRQHandler                           0x080001c7   Thumb Code     0  startup_stm32f411xe.o(.text)
    I2C1_ER_IRQHandler                       0x080001c7   Thumb Code     0  startup_stm32f411xe.o(.text)
    I2C1_EV_IRQHandler                       0x080001c7   Thumb Code     0  startup_stm32f411xe.o(.text)
    I2C2_ER_IRQHandler                       0x080001c7   Thumb Code     0  startup_stm32f411xe.o(.text)
    I2C2_EV_IRQHandler                       0x080001c7   Thumb Code     0  startup_stm32f411xe.o(.text)
    I2C3_ER_IRQHandler                       0x080001c7   Thumb Code     0  startup_stm32f411xe.o(.text)
    I2C3_EV_IRQHandler                       0x080001c7   Thumb Code     0  startup_stm32f411xe.o(.text)
    OTG_FS_IRQHandler                        0x080001c7   Thumb Code     0  startup_stm32f411xe.o(.text)
    OTG_FS_WKUP_IRQHandler                   0x080001c7   Thumb Code     0  startup_stm32f411xe.o(.text)
    PVD_IRQHandler                           0x080001c7   Thumb Code     0  startup_stm32f411xe.o(.text)
    RCC_IRQHandler                           0x080001c7   Thumb Code     0  startup_stm32f411xe.o(.text)
    RTC_Alarm_IRQHandler                     0x080001c7   Thumb Code     0  startup_stm32f411xe.o(.text)
    RTC_WKUP_IRQHandler                      0x080001c7   Thumb Code     0  startup_stm32f411xe.o(.text)
    SPI1_IRQHandler                          0x080001c7   Thumb Code     0  startup_stm32f411xe.o(.text)
    SPI2_IRQHandler                          0x080001c7   Thumb Code     0  startup_stm32f411xe.o(.text)
    SPI3_IRQHandler                          0x080001c7   Thumb Code     0  startup_stm32f411xe.o(.text)
    SPI4_IRQHandler                          0x080001c7   Thumb Code     0  startup_stm32f411xe.o(.text)
    SPI5_IRQHandler                          0x080001c7   Thumb Code     0  startup_stm32f411xe.o(.text)
    TAMP_STAMP_IRQHandler                    0x080001c7   Thumb Code     0  startup_stm32f411xe.o(.text)
    TIM1_BRK_TIM9_IRQHandler                 0x080001c7   Thumb Code     0  startup_stm32f411xe.o(.text)
    TIM1_CC_IRQHandler                       0x080001c7   Thumb Code     0  startup_stm32f411xe.o(.text)
    TIM1_TRG_COM_TIM11_IRQHandler            0x080001c7   Thumb Code     0  startup_stm32f411xe.o(.text)
    TIM1_UP_TIM10_IRQHandler                 0x080001c7   Thumb Code     0  startup_stm32f411xe.o(.text)
    TIM2_IRQHandler                          0x080001c7   Thumb Code     0  startup_stm32f411xe.o(.text)
    TIM3_IRQHandler                          0x080001c7   Thumb Code     0  startup_stm32f411xe.o(.text)
    TIM4_IRQHandler                          0x080001c7   Thumb Code     0  startup_stm32f411xe.o(.text)
    TIM5_IRQHandler                          0x080001c7   Thumb Code     0  startup_stm32f411xe.o(.text)
    USART1_IRQHandler                        0x080001c7   Thumb Code     0  startup_stm32f411xe.o(.text)
    USART2_IRQHandler                        0x080001c7   Thumb Code     0  startup_stm32f411xe.o(.text)
    USART6_IRQHandler                        0x080001c7   Thumb Code     0  startup_stm32f411xe.o(.text)
    WWDG_IRQHandler                          0x080001c7   Thumb Code     0  startup_stm32f411xe.o(.text)
    __aeabi_memcpy                           0x080001d1   Thumb Code    36  memcpya.o(.text)
    __aeabi_memcpy4                          0x080001d1   Thumb Code     0  memcpya.o(.text)
    __aeabi_memcpy8                          0x080001d1   Thumb Code     0  memcpya.o(.text)
    __scatterload                            0x080001f5   Thumb Code    28  init.o(.text)
    __scatterload_rt2                        0x080001f5   Thumb Code     0  init.o(.text)
    BSP_SD_GetCardInfo                       0x08000219   Thumb Code     8  bsp_driver_sd.o(i.BSP_SD_GetCardInfo)
    BSP_SD_GetCardState                      0x08000225   Thumb Code    20  bsp_driver_sd.o(i.BSP_SD_GetCardState)
    BSP_SD_Init                              0x0800023d   Thumb Code    30  bsp_driver_sd.o(i.BSP_SD_Init)
    BSP_SD_ReadBlocks                        0x08000261   Thumb Code    26  bsp_driver_sd.o(i.BSP_SD_ReadBlocks)
    BSP_SD_WriteBlocks                       0x08000281   Thumb Code    26  bsp_driver_sd.o(i.BSP_SD_WriteBlocks)
    FATFS_LinkDriver                         0x080002a1   Thumb Code     6  ff_gen_drv.o(i.FATFS_LinkDriver)
    FATFS_LinkDriverEx                       0x080002a9   Thumb Code    60  ff_gen_drv.o(i.FATFS_LinkDriverEx)
    HAL_DMA_Abort_IT                         0x080002e9   Thumb Code    36  stm32f4xx_hal_dma.o(i.HAL_DMA_Abort_IT)
    HAL_Delay                                0x0800030d   Thumb Code    28  stm32f4xx_hal.o(i.HAL_Delay)
    HAL_GPIO_Init                            0x08000329   Thumb Code   358  stm32f4xx_hal_gpio.o(i.HAL_GPIO_Init)
    HAL_GPIO_TogglePin                       0x080004b1   Thumb Code     8  stm32f4xx_hal_gpio.o(i.HAL_GPIO_TogglePin)
    HAL_GPIO_WritePin                        0x080004b9   Thumb Code    10  stm32f4xx_hal_gpio.o(i.HAL_GPIO_WritePin)
    HAL_GetTick                              0x080004c5   Thumb Code     6  stm32f4xx_hal.o(i.HAL_GetTick)
    HAL_IncTick                              0x080004d1   Thumb Code    10  stm32f4xx_hal.o(i.HAL_IncTick)
    HAL_Init                                 0x080004e1   Thumb Code    48  stm32f4xx_hal.o(i.HAL_Init)
    HAL_InitTick                             0x08000515   Thumb Code    34  stm32f4xx_hal.o(i.HAL_InitTick)
    HAL_MspInit                              0x0800053d   Thumb Code    88  stm32f4xx_hal_msp.o(i.HAL_MspInit)
    HAL_NVIC_EnableIRQ                       0x08000595   Thumb Code    22  stm32f4xx_hal_cortex.o(i.HAL_NVIC_EnableIRQ)
    HAL_NVIC_SetPriority                     0x080005ad   Thumb Code    60  stm32f4xx_hal_cortex.o(i.HAL_NVIC_SetPriority)
    HAL_NVIC_SetPriorityGrouping             0x080005ed   Thumb Code    26  stm32f4xx_hal_cortex.o(i.HAL_NVIC_SetPriorityGrouping)
    HAL_RCC_ClockConfig                      0x08000611   Thumb Code   364  stm32f4xx_hal_rcc.o(i.HAL_RCC_ClockConfig)
    HAL_RCC_GetHCLKFreq                      0x0800078d   Thumb Code     6  stm32f4xx_hal_rcc.o(i.HAL_RCC_GetHCLKFreq)
    HAL_RCC_GetSysClockFreq                  0x08000799   Thumb Code   104  stm32f4xx_hal_rcc.o(i.HAL_RCC_GetSysClockFreq)
    HAL_RCC_OscConfig                        0x08000809   Thumb Code   770  stm32f4xx_hal_rcc.o(i.HAL_RCC_OscConfig)
    HAL_SD_AbortCallback                     0x08000b1d   Thumb Code     2  stm32f4xx_hal_sd.o(i.HAL_SD_AbortCallback)
    HAL_SD_ErrorCallback                     0x08000b1f   Thumb Code     2  stm32f4xx_hal_sd.o(i.HAL_SD_ErrorCallback)
    HAL_SD_GetCardCSD                        0x08000b21   Thumb Code   474  stm32f4xx_hal_sd.o(i.HAL_SD_GetCardCSD)
    HAL_SD_GetCardInfo                       0x08000cfb   Thumb Code    36  stm32f4xx_hal_sd.o(i.HAL_SD_GetCardInfo)
    HAL_SD_GetCardState                      0x08000d1f   Thumb Code    44  stm32f4xx_hal_sd.o(i.HAL_SD_GetCardState)
    HAL_SD_IRQHandler                        0x08000d4d   Thumb Code   438  stm32f4xx_hal_sd.o(i.HAL_SD_IRQHandler)
    HAL_SD_Init                              0x08000f0d   Thumb Code    54  stm32f4xx_hal_sd.o(i.HAL_SD_Init)
    HAL_SD_InitCard                          0x08000f45   Thumb Code    80  stm32f4xx_hal_sd.o(i.HAL_SD_InitCard)
    HAL_SD_MspInit                           0x08000f99   Thumb Code   118  stm32f4xx_hal_msp.o(i.HAL_SD_MspInit)
    HAL_SD_ReadBlocks                        0x08001025   Thumb Code   434  stm32f4xx_hal_sd.o(i.HAL_SD_ReadBlocks)
    HAL_SD_RxCpltCallback                    0x080011d7   Thumb Code     2  stm32f4xx_hal_sd.o(i.HAL_SD_RxCpltCallback)
    HAL_SD_TxCpltCallback                    0x080011d9   Thumb Code     2  stm32f4xx_hal_sd.o(i.HAL_SD_TxCpltCallback)
    HAL_SD_WriteBlocks                       0x080011dd   Thumb Code   410  stm32f4xx_hal_sd.o(i.HAL_SD_WriteBlocks)
    HAL_SYSTICK_CLKSourceConfig              0x08001377   Thumb Code    24  stm32f4xx_hal_cortex.o(i.HAL_SYSTICK_CLKSourceConfig)
    HAL_SYSTICK_Callback                     0x0800138f   Thumb Code     2  stm32f4xx_hal_cortex.o(i.HAL_SYSTICK_Callback)
    HAL_SYSTICK_Config                       0x08001391   Thumb Code    40  stm32f4xx_hal_cortex.o(i.HAL_SYSTICK_Config)
    HAL_SYSTICK_IRQHandler                   0x080013b9   Thumb Code     8  stm32f4xx_hal_cortex.o(i.HAL_SYSTICK_IRQHandler)
    MX_FATFS_Init                            0x080013c1   Thumb Code    18  fatfs.o(i.MX_FATFS_Init)
    SDIO_ConfigData                          0x080014a5   Thumb Code    36  stm32f4xx_ll_sdmmc.o(i.SDIO_ConfigData)
    SDIO_GetPowerState                       0x080014c9   Thumb Code     8  stm32f4xx_ll_sdmmc.o(i.SDIO_GetPowerState)
    SDIO_GetResponse                         0x080014d1   Thumb Code    12  stm32f4xx_ll_sdmmc.o(i.SDIO_GetResponse)
    SDIO_IRQHandler                          0x080014dd   Thumb Code     6  stm32f4xx_it.o(i.SDIO_IRQHandler)
    SDIO_Init                                0x080014e9   Thumb Code    36  stm32f4xx_ll_sdmmc.o(i.SDIO_Init)
    SDIO_PowerState_ON                       0x0800150d   Thumb Code     8  stm32f4xx_ll_sdmmc.o(i.SDIO_PowerState_ON)
    SDIO_ReadFIFO                            0x08001515   Thumb Code     6  stm32f4xx_ll_sdmmc.o(i.SDIO_ReadFIFO)
    SDIO_SendCommand                         0x0800151b   Thumb Code    32  stm32f4xx_ll_sdmmc.o(i.SDIO_SendCommand)
    SDIO_WriteFIFO                           0x0800153b   Thumb Code    10  stm32f4xx_ll_sdmmc.o(i.SDIO_WriteFIFO)
    SDMMC_CmdAppCommand                      0x08001545   Thumb Code    50  stm32f4xx_ll_sdmmc.o(i.SDMMC_CmdAppCommand)
    SDMMC_CmdAppOperCommand                  0x08001579   Thumb Code    48  stm32f4xx_ll_sdmmc.o(i.SDMMC_CmdAppOperCommand)
    SDMMC_CmdBlockLength                     0x080015ad   Thumb Code    50  stm32f4xx_ll_sdmmc.o(i.SDMMC_CmdBlockLength)
    SDMMC_CmdGoIdleState                     0x080015e1   Thumb Code    76  stm32f4xx_ll_sdmmc.o(i.SDMMC_CmdGoIdleState)
    SDMMC_CmdOperCond                        0x08001631   Thumb Code    98  stm32f4xx_ll_sdmmc.o(i.SDMMC_CmdOperCond)
    SDMMC_CmdReadMultiBlock                  0x08001699   Thumb Code    50  stm32f4xx_ll_sdmmc.o(i.SDMMC_CmdReadMultiBlock)
    SDMMC_CmdReadSingleBlock                 0x080016cb   Thumb Code    50  stm32f4xx_ll_sdmmc.o(i.SDMMC_CmdReadSingleBlock)
    SDMMC_CmdSelDesel                        0x080016fd   Thumb Code    50  stm32f4xx_ll_sdmmc.o(i.SDMMC_CmdSelDesel)
    SDMMC_CmdSendCID                         0x0800172f   Thumb Code    44  stm32f4xx_ll_sdmmc.o(i.SDMMC_CmdSendCID)
    SDMMC_CmdSendCSD                         0x0800175b   Thumb Code    44  stm32f4xx_ll_sdmmc.o(i.SDMMC_CmdSendCSD)
    SDMMC_CmdSendStatus                      0x08001787   Thumb Code    50  stm32f4xx_ll_sdmmc.o(i.SDMMC_CmdSendStatus)
    SDMMC_CmdSetRelAdd                       0x080017b9   Thumb Code    48  stm32f4xx_ll_sdmmc.o(i.SDMMC_CmdSetRelAdd)
    SDMMC_CmdStopTransfer                    0x080017e9   Thumb Code    46  stm32f4xx_ll_sdmmc.o(i.SDMMC_CmdStopTransfer)
    SDMMC_CmdWriteMultiBlock                 0x0800181d   Thumb Code    50  stm32f4xx_ll_sdmmc.o(i.SDMMC_CmdWriteMultiBlock)
    SDMMC_CmdWriteSingleBlock                0x0800184f   Thumb Code    50  stm32f4xx_ll_sdmmc.o(i.SDMMC_CmdWriteSingleBlock)
    SD_initialize                            0x08001cc9   Thumb Code    26  sd_diskio.o(i.SD_initialize)
    SD_ioctl                                 0x08001ce9   Thumb Code    74  sd_diskio.o(i.SD_ioctl)
    SD_read                                  0x08001d39   Thumb Code    52  sd_diskio.o(i.SD_read)
    SD_status                                0x08001d75   Thumb Code    26  sd_diskio.o(i.SD_status)
    SD_write                                 0x08001d95   Thumb Code    52  sd_diskio.o(i.SD_write)
    SysTick_Handler                          0x08001dd1   Thumb Code    14  stm32f4xx_it.o(i.SysTick_Handler)
    SystemClock_Config                       0x08001de1   Thumb Code   146  main.o(i.SystemClock_Config)
    SystemInit                               0x08001e7d   Thumb Code    66  system_stm32f4xx.o(i.SystemInit)
    __scatterload_copy                       0x08001ed1   Thumb Code    14  handlers.o(i.__scatterload_copy)
    __scatterload_null                       0x08001edf   Thumb Code     2  handlers.o(i.__scatterload_null)
    __scatterload_zeroinit                   0x08001ee1   Thumb Code    14  handlers.o(i.__scatterload_zeroinit)
    clust2sect                               0x0800200b   Thumb Code    30  ff.o(i.clust2sect)
    disk_initialize                          0x08002441   Thumb Code    36  diskio.o(i.disk_initialize)
    disk_ioctl                               0x08002469   Thumb Code    24  diskio.o(i.disk_ioctl)
    disk_read                                0x08002485   Thumb Code    24  diskio.o(i.disk_read)
    disk_status                              0x080024a1   Thumb Code    18  diskio.o(i.disk_status)
    disk_write                               0x080024b9   Thumb Code    24  diskio.o(i.disk_write)
    f_close                                  0x080024d5   Thumb Code    42  ff.o(i.f_close)
    f_mount                                  0x08002501   Thumb Code    88  ff.o(i.f_mount)
    f_open                                   0x0800255d   Thumb Code   412  ff.o(i.f_open)
    f_read                                   0x080026fd   Thumb Code   396  ff.o(i.f_read)
    f_sync                                   0x08002889   Thumb Code   184  ff.o(i.f_sync)
    f_write                                  0x08002941   Thumb Code   470  ff.o(i.f_write)
    get_fat                                  0x08002e31   Thumb Code   194  ff.o(i.get_fat)
    get_fattime                              0x08002ef3   Thumb Code     4  fatfs.o(i.get_fattime)
    main                                     0x08002fe9   Thumb Code   226  main.o(i.main)
    put_fat                                  0x08003157   Thumb Code   248  ff.o(i.put_fat)
    AHBPrescTable                            0x0800340e   Data          16  system_stm32f4xx.o(.constdata)
    SD_Driver                                0x08003420   Data          20  sd_diskio.o(.constdata)
    Region$$Table$$Base                      0x080034e0   Number         0  anon$$obj.o(Region$$Table)
    Region$$Table$$Limit                     0x08003500   Number         0  anon$$obj.o(Region$$Table)
    uwTick                                   0x20000000   Data           4  stm32f4xx_hal.o(.data)
    SystemCoreClock                          0x20000004   Data           4  system_stm32f4xx.o(.data)
    SDPath                                   0x20000008   Data           4  main.o(.data)
    retSD                                    0x2000000c   Data           1  fatfs.o(.data)
    SD_Path                                  0x2000000d   Data           4  fatfs.o(.data)
    hsd                                      0x2000001c   Data         132  main.o(.bss)
    SDFatFs                                  0x200000a0   Data         560  main.o(.bss)
    MyFile                                   0x200002d0   Data         556  main.o(.bss)
    disk                                     0x200004fc   Data          12  ff_gen_drv.o(.bss)
    __initial_sp                             0x20004520   Data           0  startup_stm32f411xe.o(STACK)



==============================================================================

Memory Map of the image

  Image Entry point : 0x08000199

  Load Region LR_IROM1 (Base: 0x08000000, Size: 0x0000351c, Max: 0x00080000, ABSOLUTE)

    Execution Region ER_IROM1 (Exec base: 0x08000000, Load base: 0x08000000, Size: 0x00003500, Max: 0x00080000, ABSOLUTE)

    Exec Addr    Load Addr    Size         Type   Attr      Idx    E Section Name        Object

    0x08000000   0x08000000   0x00000198   Data   RO         1724    RESET               startup_stm32f411xe.o
    0x08000198   0x08000198   0x00000000   Code   RO         2568  * .ARM.Collect$$$$00000000  mc_w.l(entry.o)
    0x08000198   0x08000198   0x00000004   Code   RO         2575    .ARM.Collect$$$$00000001  mc_w.l(entry2.o)
    0x0800019c   0x0800019c   0x00000004   Code   RO         2578    .ARM.Collect$$$$00000004  mc_w.l(entry5.o)
    0x080001a0   0x080001a0   0x00000000   Code   RO         2580    .ARM.Collect$$$$00000008  mc_w.l(entry7b.o)
    0x080001a0   0x080001a0   0x00000000   Code   RO         2582    .ARM.Collect$$$$0000000A  mc_w.l(entry8b.o)
    0x080001a0   0x080001a0   0x00000008   Code   RO         2583    .ARM.Collect$$$$0000000B  mc_w.l(entry9a.o)
    0x080001a8   0x080001a8   0x00000000   Code   RO         2585    .ARM.Collect$$$$0000000D  mc_w.l(entry10a.o)
    0x080001a8   0x080001a8   0x00000000   Code   RO         2587    .ARM.Collect$$$$0000000F  mc_w.l(entry11a.o)
    0x080001a8   0x080001a8   0x00000004   Code   RO         2576    .ARM.Collect$$$$00002712  mc_w.l(entry2.o)
    0x080001ac   0x080001ac   0x00000024   Code   RO         1725    .text               startup_stm32f411xe.o
    0x080001d0   0x080001d0   0x00000024   Code   RO         2571    .text               mc_w.l(memcpya.o)
    0x080001f4   0x080001f4   0x00000024   Code   RO         2589    .text               mc_w.l(init.o)
    0x08000218   0x08000218   0x0000000c   Code   RO         1952    i.BSP_SD_GetCardInfo  bsp_driver_sd.o
    0x08000224   0x08000224   0x00000018   Code   RO         1953    i.BSP_SD_GetCardState  bsp_driver_sd.o
    0x0800023c   0x0800023c   0x00000024   Code   RO         1956    i.BSP_SD_Init       bsp_driver_sd.o
    0x08000260   0x08000260   0x00000020   Code   RO         1958    i.BSP_SD_ReadBlocks  bsp_driver_sd.o
    0x08000280   0x08000280   0x00000020   Code   RO         1960    i.BSP_SD_WriteBlocks  bsp_driver_sd.o
    0x080002a0   0x080002a0   0x00000006   Code   RO         2115    i.FATFS_LinkDriver  ff_gen_drv.o
    0x080002a6   0x080002a6   0x00000002   PAD
    0x080002a8   0x080002a8   0x00000040   Code   RO         2116    i.FATFS_LinkDriverEx  ff_gen_drv.o
    0x080002e8   0x080002e8   0x00000024   Code   RO          969    i.HAL_DMA_Abort_IT  stm32f4xx_hal_dma.o
    0x0800030c   0x0800030c   0x0000001c   Code   RO         1078    i.HAL_Delay         stm32f4xx_hal.o
    0x08000328   0x08000328   0x00000188   Code   RO          902    i.HAL_GPIO_Init     stm32f4xx_hal_gpio.o
    0x080004b0   0x080004b0   0x00000008   Code   RO          905    i.HAL_GPIO_TogglePin  stm32f4xx_hal_gpio.o
    0x080004b8   0x080004b8   0x0000000a   Code   RO          906    i.HAL_GPIO_WritePin  stm32f4xx_hal_gpio.o
    0x080004c2   0x080004c2   0x00000002   PAD
    0x080004c4   0x080004c4   0x0000000c   Code   RO         1084    i.HAL_GetTick       stm32f4xx_hal.o
    0x080004d0   0x080004d0   0x00000010   Code   RO         1086    i.HAL_IncTick       stm32f4xx_hal.o
    0x080004e0   0x080004e0   0x00000034   Code   RO         1087    i.HAL_Init          stm32f4xx_hal.o
    0x08000514   0x08000514   0x00000028   Code   RO         1088    i.HAL_InitTick      stm32f4xx_hal.o
    0x0800053c   0x0800053c   0x00000058   Code   RO         1770    i.HAL_MspInit       stm32f4xx_hal_msp.o
    0x08000594   0x08000594   0x00000016   Code   RO         1475    i.HAL_NVIC_EnableIRQ  stm32f4xx_hal_cortex.o
    0x080005aa   0x080005aa   0x00000002   PAD
    0x080005ac   0x080005ac   0x00000040   Code   RO         1481    i.HAL_NVIC_SetPriority  stm32f4xx_hal_cortex.o
    0x080005ec   0x080005ec   0x00000024   Code   RO         1482    i.HAL_NVIC_SetPriorityGrouping  stm32f4xx_hal_cortex.o
    0x08000610   0x08000610   0x0000017c   Code   RO         1369    i.HAL_RCC_ClockConfig  stm32f4xx_hal_rcc.o
    0x0800078c   0x0800078c   0x0000000c   Code   RO         1374    i.HAL_RCC_GetHCLKFreq  stm32f4xx_hal_rcc.o
    0x08000798   0x08000798   0x00000070   Code   RO         1378    i.HAL_RCC_GetSysClockFreq  stm32f4xx_hal_rcc.o
    0x08000808   0x08000808   0x00000314   Code   RO         1381    i.HAL_RCC_OscConfig  stm32f4xx_hal_rcc.o
    0x08000b1c   0x08000b1c   0x00000002   Code   RO          362    i.HAL_SD_AbortCallback  stm32f4xx_hal_sd.o
    0x08000b1e   0x08000b1e   0x00000002   Code   RO          367    i.HAL_SD_ErrorCallback  stm32f4xx_hal_sd.o
    0x08000b20   0x08000b20   0x000001da   Code   RO          369    i.HAL_SD_GetCardCSD  stm32f4xx_hal_sd.o
    0x08000cfa   0x08000cfa   0x00000024   Code   RO          370    i.HAL_SD_GetCardInfo  stm32f4xx_hal_sd.o
    0x08000d1e   0x08000d1e   0x0000002c   Code   RO          371    i.HAL_SD_GetCardState  stm32f4xx_hal_sd.o
    0x08000d4a   0x08000d4a   0x00000002   PAD
    0x08000d4c   0x08000d4c   0x000001c0   Code   RO          375    i.HAL_SD_IRQHandler  stm32f4xx_hal_sd.o
    0x08000f0c   0x08000f0c   0x00000036   Code   RO          376    i.HAL_SD_Init       stm32f4xx_hal_sd.o
    0x08000f42   0x08000f42   0x00000002   PAD
    0x08000f44   0x08000f44   0x00000054   Code   RO          377    i.HAL_SD_InitCard   stm32f4xx_hal_sd.o
    0x08000f98   0x08000f98   0x0000008c   Code   RO         1772    i.HAL_SD_MspInit    stm32f4xx_hal_msp.o
    0x08001024   0x08001024   0x000001b2   Code   RO          380    i.HAL_SD_ReadBlocks  stm32f4xx_hal_sd.o
    0x080011d6   0x080011d6   0x00000002   Code   RO          383    i.HAL_SD_RxCpltCallback  stm32f4xx_hal_sd.o
    0x080011d8   0x080011d8   0x00000002   Code   RO          384    i.HAL_SD_TxCpltCallback  stm32f4xx_hal_sd.o
    0x080011da   0x080011da   0x00000002   PAD
    0x080011dc   0x080011dc   0x0000019a   Code   RO          385    i.HAL_SD_WriteBlocks  stm32f4xx_hal_sd.o
    0x08001376   0x08001376   0x00000018   Code   RO         1484    i.HAL_SYSTICK_CLKSourceConfig  stm32f4xx_hal_cortex.o
    0x0800138e   0x0800138e   0x00000002   Code   RO         1485    i.HAL_SYSTICK_Callback  stm32f4xx_hal_cortex.o
    0x08001390   0x08001390   0x00000028   Code   RO         1486    i.HAL_SYSTICK_Config  stm32f4xx_hal_cortex.o
    0x080013b8   0x080013b8   0x00000008   Code   RO         1487    i.HAL_SYSTICK_IRQHandler  stm32f4xx_hal_cortex.o
    0x080013c0   0x080013c0   0x0000001c   Code   RO         1911    i.MX_FATFS_Init     fatfs.o
    0x080013dc   0x080013dc   0x000000a8   Code   RO         1840    i.MX_GPIO_Init      main.o
    0x08001484   0x08001484   0x00000020   Code   RO         1488    i.NVIC_SetPriority  stm32f4xx_hal_cortex.o
    0x080014a4   0x080014a4   0x00000024   Code   RO            4    i.SDIO_ConfigData   stm32f4xx_ll_sdmmc.o
    0x080014c8   0x080014c8   0x00000008   Code   RO            8    i.SDIO_GetPowerState  stm32f4xx_ll_sdmmc.o
    0x080014d0   0x080014d0   0x0000000c   Code   RO            9    i.SDIO_GetResponse  stm32f4xx_ll_sdmmc.o
    0x080014dc   0x080014dc   0x0000000c   Code   RO         1806    i.SDIO_IRQHandler   stm32f4xx_it.o
    0x080014e8   0x080014e8   0x00000024   Code   RO           10    i.SDIO_Init         stm32f4xx_ll_sdmmc.o
    0x0800150c   0x0800150c   0x00000008   Code   RO           12    i.SDIO_PowerState_ON  stm32f4xx_ll_sdmmc.o
    0x08001514   0x08001514   0x00000006   Code   RO           13    i.SDIO_ReadFIFO     stm32f4xx_ll_sdmmc.o
    0x0800151a   0x0800151a   0x00000020   Code   RO           14    i.SDIO_SendCommand  stm32f4xx_ll_sdmmc.o
    0x0800153a   0x0800153a   0x0000000a   Code   RO           16    i.SDIO_WriteFIFO    stm32f4xx_ll_sdmmc.o
    0x08001544   0x08001544   0x00000032   Code   RO           17    i.SDMMC_CmdAppCommand  stm32f4xx_ll_sdmmc.o
    0x08001576   0x08001576   0x00000002   PAD
    0x08001578   0x08001578   0x00000034   Code   RO           18    i.SDMMC_CmdAppOperCommand  stm32f4xx_ll_sdmmc.o
    0x080015ac   0x080015ac   0x00000032   Code   RO           19    i.SDMMC_CmdBlockLength  stm32f4xx_ll_sdmmc.o
    0x080015de   0x080015de   0x00000002   PAD
    0x080015e0   0x080015e0   0x00000050   Code   RO           24    i.SDMMC_CmdGoIdleState  stm32f4xx_ll_sdmmc.o
    0x08001630   0x08001630   0x00000068   Code   RO           26    i.SDMMC_CmdOperCond  stm32f4xx_ll_sdmmc.o
    0x08001698   0x08001698   0x00000032   Code   RO           27    i.SDMMC_CmdReadMultiBlock  stm32f4xx_ll_sdmmc.o
    0x080016ca   0x080016ca   0x00000032   Code   RO           28    i.SDMMC_CmdReadSingleBlock  stm32f4xx_ll_sdmmc.o
    0x080016fc   0x080016fc   0x00000032   Code   RO           31    i.SDMMC_CmdSelDesel  stm32f4xx_ll_sdmmc.o
    0x0800172e   0x0800172e   0x0000002c   Code   RO           32    i.SDMMC_CmdSendCID  stm32f4xx_ll_sdmmc.o
    0x0800175a   0x0800175a   0x0000002c   Code   RO           33    i.SDMMC_CmdSendCSD  stm32f4xx_ll_sdmmc.o
    0x08001786   0x08001786   0x00000032   Code   RO           35    i.SDMMC_CmdSendStatus  stm32f4xx_ll_sdmmc.o
    0x080017b8   0x080017b8   0x00000030   Code   RO           36    i.SDMMC_CmdSetRelAdd  stm32f4xx_ll_sdmmc.o
    0x080017e8   0x080017e8   0x00000034   Code   RO           38    i.SDMMC_CmdStopTransfer  stm32f4xx_ll_sdmmc.o
    0x0800181c   0x0800181c   0x00000032   Code   RO           40    i.SDMMC_CmdWriteMultiBlock  stm32f4xx_ll_sdmmc.o
    0x0800184e   0x0800184e   0x00000032   Code   RO           41    i.SDMMC_CmdWriteSingleBlock  stm32f4xx_ll_sdmmc.o
    0x08001880   0x08001880   0x0000011c   Code   RO           42    i.SDMMC_GetCmdResp1  stm32f4xx_ll_sdmmc.o
    0x0800199c   0x0800199c   0x00000050   Code   RO           43    i.SDMMC_GetCmdResp2  stm32f4xx_ll_sdmmc.o
    0x080019ec   0x080019ec   0x00000040   Code   RO           44    i.SDMMC_GetCmdResp3  stm32f4xx_ll_sdmmc.o
    0x08001a2c   0x08001a2c   0x00000084   Code   RO           45    i.SDMMC_GetCmdResp6  stm32f4xx_ll_sdmmc.o
    0x08001ab0   0x08001ab0   0x00000048   Code   RO          390    i.SD_DMARxAbort     stm32f4xx_hal_sd.o
    0x08001af8   0x08001af8   0x00000048   Code   RO          392    i.SD_DMATxAbort     stm32f4xx_hal_sd.o
    0x08001b40   0x08001b40   0x000000e6   Code   RO          394    i.SD_InitCard       stm32f4xx_hal_sd.o
    0x08001c26   0x08001c26   0x000000a2   Code   RO          395    i.SD_PowerON        stm32f4xx_hal_sd.o
    0x08001cc8   0x08001cc8   0x00000020   Code   RO         2055    i.SD_initialize     sd_diskio.o
    0x08001ce8   0x08001ce8   0x00000050   Code   RO         2056    i.SD_ioctl          sd_diskio.o
    0x08001d38   0x08001d38   0x0000003c   Code   RO         2057    i.SD_read           sd_diskio.o
    0x08001d74   0x08001d74   0x00000020   Code   RO         2058    i.SD_status         sd_diskio.o
    0x08001d94   0x08001d94   0x0000003c   Code   RO         2059    i.SD_write          sd_diskio.o
    0x08001dd0   0x08001dd0   0x0000000e   Code   RO         1807    i.SysTick_Handler   stm32f4xx_it.o
    0x08001dde   0x08001dde   0x00000002   PAD
    0x08001de0   0x08001de0   0x0000009c   Code   RO         1841    i.SystemClock_Config  main.o
    0x08001e7c   0x08001e7c   0x00000054   Code   RO         1733    i.SystemInit        system_stm32f4xx.o
    0x08001ed0   0x08001ed0   0x0000000e   Code   RO         2593    i.__scatterload_copy  mc_w.l(handlers.o)
    0x08001ede   0x08001ede   0x00000002   Code   RO         2594    i.__scatterload_null  mc_w.l(handlers.o)
    0x08001ee0   0x08001ee0   0x0000000e   Code   RO         2595    i.__scatterload_zeroinit  mc_w.l(handlers.o)
    0x08001eee   0x08001eee   0x00000002   PAD
    0x08001ef0   0x08001ef0   0x00000060   Code   RO         2220    i.check_fs          ff.o
    0x08001f50   0x08001f50   0x0000006c   Code   RO         2221    i.chk_lock          ff.o
    0x08001fbc   0x08001fbc   0x00000024   Code   RO         2222    i.clear_lock        ff.o
    0x08001fe0   0x08001fe0   0x0000002a   Code   RO         2223    i.clmt_clust        ff.o
    0x0800200a   0x0800200a   0x0000001e   Code   RO         2224    i.clust2sect        ff.o
    0x08002028   0x08002028   0x000000b0   Code   RO         2225    i.create_chain      ff.o
    0x080020d8   0x080020d8   0x00000100   Code   RO         2226    i.create_name       ff.o
    0x080021d8   0x080021d8   0x0000003c   Code   RO         2227    i.dec_lock          ff.o
    0x08002214   0x08002214   0x0000011e   Code   RO         2228    i.dir_next          ff.o
    0x08002332   0x08002332   0x00000076   Code   RO         2230    i.dir_register      ff.o
    0x080023a8   0x080023a8   0x00000098   Code   RO         2232    i.dir_sdi           ff.o
    0x08002440   0x08002440   0x00000028   Code   RO         2165    i.disk_initialize   diskio.o
    0x08002468   0x08002468   0x0000001c   Code   RO         2166    i.disk_ioctl        diskio.o
    0x08002484   0x08002484   0x0000001c   Code   RO         2167    i.disk_read         diskio.o
    0x080024a0   0x080024a0   0x00000018   Code   RO         2168    i.disk_status       diskio.o
    0x080024b8   0x080024b8   0x0000001c   Code   RO         2169    i.disk_write        diskio.o
    0x080024d4   0x080024d4   0x0000002a   Code   RO         2234    i.f_close           ff.o
    0x080024fe   0x080024fe   0x00000002   PAD
    0x08002500   0x08002500   0x0000005c   Code   RO         2241    i.f_mount           ff.o
    0x0800255c   0x0800255c   0x000001a0   Code   RO         2242    i.f_open            ff.o
    0x080026fc   0x080026fc   0x0000018c   Code   RO         2247    i.f_read            ff.o
    0x08002888   0x08002888   0x000000b8   Code   RO         2251    i.f_sync            ff.o
    0x08002940   0x08002940   0x000001d6   Code   RO         2255    i.f_write           ff.o
    0x08002b16   0x08002b16   0x00000002   PAD
    0x08002b18   0x08002b18   0x00000258   Code   RO         2256    i.find_volume       ff.o
    0x08002d70   0x08002d70   0x000000c0   Code   RO         2257    i.follow_path       ff.o
    0x08002e30   0x08002e30   0x000000c2   Code   RO         2258    i.get_fat           ff.o
    0x08002ef2   0x08002ef2   0x00000004   Code   RO         1912    i.get_fattime       fatfs.o
    0x08002ef6   0x08002ef6   0x0000003c   Code   RO         2260    i.get_ldnumber      ff.o
    0x08002f32   0x08002f32   0x00000002   PAD
    0x08002f34   0x08002f34   0x000000a0   Code   RO         2261    i.inc_lock          ff.o
    0x08002fd4   0x08002fd4   0x00000014   Code   RO         2262    i.ld_clust          ff.o
    0x08002fe8   0x08002fe8   0x00000118   Code   RO         1843    i.main              main.o
    0x08003100   0x08003100   0x00000012   Code   RO         2263    i.mem_cpy           ff.o
    0x08003112   0x08003112   0x0000000e   Code   RO         2264    i.mem_set           ff.o
    0x08003120   0x08003120   0x00000036   Code   RO         2265    i.move_window       ff.o
    0x08003156   0x08003156   0x000000f8   Code   RO         2266    i.put_fat           ff.o
    0x0800324e   0x0800324e   0x0000006e   Code   RO         2268    i.remove_chain      ff.o
    0x080032bc   0x080032bc   0x00000010   Code   RO         2269    i.st_clust          ff.o
    0x080032cc   0x080032cc   0x000000b6   Code   RO         2270    i.sync_fs           ff.o
    0x08003382   0x08003382   0x00000060   Code   RO         2271    i.sync_window       ff.o
    0x080033e2   0x080033e2   0x0000002c   Code   RO         2272    i.validate          ff.o
    0x0800340e   0x0800340e   0x00000010   Data   RO         1734    .constdata          system_stm32f4xx.o
    0x0800341e   0x0800341e   0x00000002   PAD
    0x08003420   0x08003420   0x00000014   Data   RO         2060    .constdata          sd_diskio.o
    0x08003434   0x08003434   0x000000ac   Data   RO         2274    .constdata          ff.o
    0x080034e0   0x080034e0   0x00000020   Data   RO         2591    Region$$Table       anon$$obj.o


    Execution Region RW_IRAM1 (Exec base: 0x20000000, Load base: 0x08003500, Size: 0x00004520, Max: 0x00020000, ABSOLUTE)

    Exec Addr    Load Addr    Size         Type   Attr      Idx    E Section Name        Object

    0x20000000   0x08003500   0x00000004   Data   RW         1093    .data               stm32f4xx_hal.o
    0x20000004   0x08003504   0x00000004   Data   RW         1736    .data               system_stm32f4xx.o
    0x20000008   0x08003508   0x00000004   Data   RW         1845    .data               main.o
    0x2000000c   0x0800350c   0x00000005   Data   RW         1913    .data               fatfs.o
    0x20000011   0x08003511   0x00000001   Data   RW         2061    .data               sd_diskio.o
    0x20000012   0x08003512   0x00000002   PAD
    0x20000014   0x08003514   0x00000008   Data   RW         2275    .data               ff.o
    0x2000001c        -       0x000004e0   Zero   RW         1844    .bss                main.o
    0x200004fc        -       0x0000000c   Zero   RW         2119    .bss                ff_gen_drv.o
    0x20000508        -       0x00000018   Zero   RW         2273    .bss                ff.o
    0x20000520        -       0x00004000   Zero   RW         1722    STACK               startup_stm32f411xe.o


==============================================================================

Image component sizes


      Code (inc. data)   RO Data    RW Data    ZI Data      Debug   Object Name

       136         26          0          0          0       3482   bsp_driver_sd.o
       148         22          0          0          0       3721   diskio.o
        32         10          0          5          0       1402   fatfs.o
      4968         70        172          8         24      34199   ff.o
        70          4          0          0         12       1627   ff_gen_drv.o
       604         82          0          4       1248       7817   main.o
       264         34         20          1          0       4484   sd_diskio.o
        36          8        408          0      16384        800   startup_stm32f411xe.o
       148         22          0          4          0       4407   stm32f4xx_hal.o
       228         14          0          0          0      32125   stm32f4xx_hal_cortex.o
        36          0          0          0          0       1211   stm32f4xx_hal_dma.o
       410         34          0          0          0       3005   stm32f4xx_hal_gpio.o
       228         22          0          0          0       1519   stm32f4xx_hal_msp.o
      1292         48          0          0          0       4458   stm32f4xx_hal_rcc.o
      2528         14          0          0          0      14662   stm32f4xx_hal_sd.o
        26          6          0          0          0        944   stm32f4xx_it.o
      1532         42          0          0          0     414052   stm32f4xx_ll_sdmmc.o
        84         18         16          4          0       1147   system_stm32f4xx.o

    ----------------------------------------------------------------------
     12794        476        650         28      17668     535062   Object Totals
         0          0         32          0          0          0   (incl. Generated)
        24          0          2          2          0          0   (incl. Padding)

    ----------------------------------------------------------------------

      Code (inc. data)   RO Data    RW Data    ZI Data      Debug   Library Member Name

         0          0          0          0          0          0   entry.o
         0          0          0          0          0          0   entry10a.o
         0          0          0          0          0          0   entry11a.o
         8          4          0          0          0          0   entry2.o
         4          0          0          0          0          0   entry5.o
         0          0          0          0          0          0   entry7b.o
         0          0          0          0          0          0   entry8b.o
         8          4          0          0          0          0   entry9a.o
        30          0          0          0          0          0   handlers.o
        36          8          0          0          0         68   init.o
        36          0          0          0          0         68   memcpya.o

    ----------------------------------------------------------------------
       124         16          0          0          0        136   Library Totals
         2          0          0          0          0          0   (incl. Padding)

    ----------------------------------------------------------------------

      Code (inc. data)   RO Data    RW Data    ZI Data      Debug   Library Name

       122         16          0          0          0        136   mc_w.l

    ----------------------------------------------------------------------
       124         16          0          0          0        136   Library Totals

    ----------------------------------------------------------------------

==============================================================================


      Code (inc. data)   RO Data    RW Data    ZI Data      Debug   

     12918        492        650         28      17668     523802   Grand Totals
     12918        492        650         28      17668     523802   ELF Image Totals
     12918        492        650         28          0          0   ROM Totals

==============================================================================

    Total RO  Size (Code + RO Data)                13568 (  13.25kB)
    Total RW  Size (RW Data + ZI Data)             17696 (  17.28kB)
    Total ROM Size (Code + RO Data + RW Data)      13596 (  13.28kB)

==============================================================================

